Archive member included to satisfy reference by file (symbol)

/usr/lib/gcc/arm-none-eabi/12.2.0/../../../../arm-none-eabi/lib/thumb/v7e-m/nofp/libc_nano.a(lib_a-atexit.o)
                              /usr/lib/gcc/arm-none-eabi/12.2.0/../../../../arm-none-eabi/lib/thumb/v7e-m/nofp/crt0.o (atexit)
/usr/lib/gcc/arm-none-eabi/12.2.0/../../../../arm-none-eabi/lib/thumb/v7e-m/nofp/libc_nano.a(lib_a-exit.o)
                              /usr/lib/gcc/arm-none-eabi/12.2.0/../../../../arm-none-eabi/lib/thumb/v7e-m/nofp/crt0.o (exit)
/usr/lib/gcc/arm-none-eabi/12.2.0/../../../../arm-none-eabi/lib/thumb/v7e-m/nofp/libc_nano.a(lib_a-fini.o)
                              /usr/lib/gcc/arm-none-eabi/12.2.0/../../../../arm-none-eabi/lib/thumb/v7e-m/nofp/crt0.o (__libc_fini_array)
/usr/lib/gcc/arm-none-eabi/12.2.0/../../../../arm-none-eabi/lib/thumb/v7e-m/nofp/libc_nano.a(lib_a-impure.o)
                              /usr/lib/gcc/arm-none-eabi/12.2.0/../../../../arm-none-eabi/lib/thumb/v7e-m/nofp/libc_nano.a(lib_a-exit.o) (_global_impure_ptr)
/usr/lib/gcc/arm-none-eabi/12.2.0/../../../../arm-none-eabi/lib/thumb/v7e-m/nofp/libc_nano.a(lib_a-init.o)
                              /usr/lib/gcc/arm-none-eabi/12.2.0/../../../../arm-none-eabi/lib/thumb/v7e-m/nofp/crt0.o (__libc_init_array)
/usr/lib/gcc/arm-none-eabi/12.2.0/../../../../arm-none-eabi/lib/thumb/v7e-m/nofp/libc_nano.a(lib_a-memset.o)
                              /usr/lib/gcc/arm-none-eabi/12.2.0/../../../../arm-none-eabi/lib/thumb/v7e-m/nofp/crt0.o (memset)
/usr/lib/gcc/arm-none-eabi/12.2.0/../../../../arm-none-eabi/lib/thumb/v7e-m/nofp/libc_nano.a(lib_a-nano-vfprintf_float.o)
                              (_printf_float)
/usr/lib/gcc/arm-none-eabi/12.2.0/../../../../arm-none-eabi/lib/thumb/v7e-m/nofp/libc_nano.a(lib_a-nano-vfprintf_i.o)
                              /usr/lib/gcc/arm-none-eabi/12.2.0/../../../../arm-none-eabi/lib/thumb/v7e-m/nofp/libc_nano.a(lib_a-nano-vfprintf_float.o) (_printf_common)
/usr/lib/gcc/arm-none-eabi/12.2.0/../../../../arm-none-eabi/lib/thumb/v7e-m/nofp/libc_nano.a(lib_a-printf.o)
                              build/bsp_mpu6050.o (printf)
/usr/lib/gcc/arm-none-eabi/12.2.0/../../../../arm-none-eabi/lib/thumb/v7e-m/nofp/libc_nano.a(lib_a-puts.o)
                              build/bsp_mpu6050.o (puts)
/usr/lib/gcc/arm-none-eabi/12.2.0/../../../../arm-none-eabi/lib/thumb/v7e-m/nofp/libc_nano.a(lib_a-strlen.o)
                              /usr/lib/gcc/arm-none-eabi/12.2.0/../../../../arm-none-eabi/lib/thumb/v7e-m/nofp/libc_nano.a(lib_a-nano-vfprintf_float.o) (strlen)
/usr/lib/gcc/arm-none-eabi/12.2.0/../../../../arm-none-eabi/lib/thumb/v7e-m/nofp/libc_nano.a(lib_a-wbuf.o)
                              /usr/lib/gcc/arm-none-eabi/12.2.0/../../../../arm-none-eabi/lib/thumb/v7e-m/nofp/libc_nano.a(lib_a-puts.o) (__swbuf_r)
/usr/lib/gcc/arm-none-eabi/12.2.0/../../../../arm-none-eabi/lib/thumb/v7e-m/nofp/libc_nano.a(lib_a-wsetup.o)
                              /usr/lib/gcc/arm-none-eabi/12.2.0/../../../../arm-none-eabi/lib/thumb/v7e-m/nofp/libc_nano.a(lib_a-puts.o) (__swsetup_r)
/usr/lib/gcc/arm-none-eabi/12.2.0/../../../../arm-none-eabi/lib/thumb/v7e-m/nofp/libc_nano.a(lib_a-__atexit.o)
                              /usr/lib/gcc/arm-none-eabi/12.2.0/../../../../arm-none-eabi/lib/thumb/v7e-m/nofp/libc_nano.a(lib_a-atexit.o) (__register_exitproc)
/usr/lib/gcc/arm-none-eabi/12.2.0/../../../../arm-none-eabi/lib/thumb/v7e-m/nofp/libc_nano.a(lib_a-__call_atexit.o)
                              /usr/lib/gcc/arm-none-eabi/12.2.0/../../../../arm-none-eabi/lib/thumb/v7e-m/nofp/libc_nano.a(lib_a-__atexit.o) (__call_exitprocs)
/usr/lib/gcc/arm-none-eabi/12.2.0/../../../../arm-none-eabi/lib/thumb/v7e-m/nofp/libc_nano.a(lib_a-dtoa.o)
                              /usr/lib/gcc/arm-none-eabi/12.2.0/../../../../arm-none-eabi/lib/thumb/v7e-m/nofp/libc_nano.a(lib_a-nano-vfprintf_float.o) (_dtoa_r)
/usr/lib/gcc/arm-none-eabi/12.2.0/../../../../arm-none-eabi/lib/thumb/v7e-m/nofp/libc_nano.a(lib_a-fflush.o)
                              /usr/lib/gcc/arm-none-eabi/12.2.0/../../../../arm-none-eabi/lib/thumb/v7e-m/nofp/libc_nano.a(lib_a-wbuf.o) (_fflush_r)
/usr/lib/gcc/arm-none-eabi/12.2.0/../../../../arm-none-eabi/lib/thumb/v7e-m/nofp/libc_nano.a(lib_a-findfp.o)
                              /usr/lib/gcc/arm-none-eabi/12.2.0/../../../../arm-none-eabi/lib/thumb/v7e-m/nofp/libc_nano.a(lib_a-printf.o) (__sinit)
/usr/lib/gcc/arm-none-eabi/12.2.0/../../../../arm-none-eabi/lib/thumb/v7e-m/nofp/libc_nano.a(lib_a-fwalk.o)
                              /usr/lib/gcc/arm-none-eabi/12.2.0/../../../../arm-none-eabi/lib/thumb/v7e-m/nofp/libc_nano.a(lib_a-findfp.o) (_fwalk)
/usr/lib/gcc/arm-none-eabi/12.2.0/../../../../arm-none-eabi/lib/thumb/v7e-m/nofp/libc_nano.a(lib_a-localeconv.o)
                              /usr/lib/gcc/arm-none-eabi/12.2.0/../../../../arm-none-eabi/lib/thumb/v7e-m/nofp/libc_nano.a(lib_a-nano-vfprintf_float.o) (_localeconv_r)
[...]
Memory Configuration

Name             Origin             Length             Attributes
RAM              0x0000000020000000 0x0000000000030000 xrw
CCRAM            0x0000000010000000 0x0000000000010000 xrw
FLASH            0x0000000008000000 0x0000000000100000 xr
*default*        0x0000000000000000 0xffffffffffffffff

Linker script and memory map

LOAD /usr/lib/gcc/arm-none-eabi/12.2.0/thumb/v7e-m/nofp/crti.o
LOAD /usr/lib/gcc/arm-none-eabi/12.2.0/thumb/v7e-m/nofp/crtbegin.o
LOAD /usr/lib/gcc/arm-none-eabi/12.2.0/../../../../arm-none-eabi/lib/thumb/v7e-m/nofp/crt0.o
LOAD build/gd32f4xx_adc.o
LOAD build/gd32f4xx_can.o
LOAD build/gd32f4xx_crc.o
LOAD build/gd32f4xx_ctc.o
LOAD build/gd32f4xx_dac.o
LOAD build/gd32f4xx_dbg.o
LOAD build/gd32f4xx_dci.o
LOAD build/gd32f4xx_dma.o
LOAD build/gd32f4xx_enet.o
LOAD build/gd32f4xx_exmc.o
LOAD build/gd32f4xx_exti.o
LOAD build/gd32f4xx_fmc.o
LOAD build/gd32f4xx_fwdgt.o
LOAD build/gd32f4xx_gpio.o
LOAD build/gd32f4xx_i2c.o
LOAD build/gd32f4xx_ipa.o
LOAD build/gd32f4xx_iref.o
LOAD build/gd32f4xx_misc.o
LOAD build/gd32f4xx_pmu.o
LOAD build/gd32f4xx_rcu.o
LOAD build/gd32f4xx_rtc.o
LOAD build/gd32f4xx_sdio.o
LOAD build/gd32f4xx_spi.o
LOAD build/gd32f4xx_syscfg.o
LOAD build/gd32f4xx_timer.o
LOAD build/gd32f4xx_tli.o
LOAD build/gd32f4xx_trng.o
LOAD build/gd32f4xx_usart.o
LOAD build/gd32f4xx_wwdgt.o
LOAD build/system_gd32f4xx.o
LOAD build/gd32f4xx_it.o
LOAD build/main.o
LOAD build/systick.o
LOAD build/bsp_usart.o
LOAD build/bsp_i2c.o
LOAD build/bsp_mpu6050.o
LOAD build/startup_gd32f450_470.o
LOAD /usr/lib/gcc/arm-none-eabi/12.2.0/../../../../arm-none-eabi/lib/thumb/v7e-m/nofp/libc_nano.a
LOAD /usr/lib/gcc/arm-none-eabi/12.2.0/../../../../arm-none-eabi/lib/thumb/v7e-m/nofp/libm.a
LOAD /usr/lib/gcc/arm-none-eabi/12.2.0/../../../../arm-none-eabi/lib/thumb/v7e-m/nofp/libnosys.a
START GROUP
LOAD /usr/lib/gcc/arm-none-eabi/12.2.0/thumb/v7e-m/nofp/libgcc.a
LOAD /usr/lib/gcc/arm-none-eabi/12.2.0/../../../../arm-none-eabi/lib/thumb/v7e-m/nofp/libc_nano.a
END GROUP
START GROUP
LOAD /usr/lib/gcc/arm-none-eabi/12.2.0/thumb/v7e-m/nofp/libgcc.a
LOAD /usr/lib/gcc/arm-none-eabi/12.2.0/../../../../arm-none-eabi/lib/thumb/v7e-m/nofp/libc_nano.a
END GROUP
LOAD /usr/lib/gcc/arm-none-eabi/12.2.0/thumb/v7e-m/nofp/crtend.o
LOAD /usr/lib/gcc/arm-none-eabi/12.2.0/thumb/v7e-m/nofp/crtn.o
                0x0000000020030000                _estack = 0x20030000
                0x0000000000000200                _Min_Heap_Size = 0x200
                0x0000000000000400                _Min_Stack_Size = 0x400

.isr_vector     0x0000000008000000      0x1ac
                0x0000000008000000                . = ALIGN (0x4)
 *(.isr_vector)
 .isr_vector    0x0000000008000000      0x1ac build/startup_gd32f450_470.o
                0x0000000008000000                g_pfnVectors
                0x00000000080001ac                . = ALIGN (0x4)

.text           0x00000000080001b0     0x4138
                0x00000000080001b0                . = ALIGN (0x4)
 *(.text)
 .text          0x00000000080001b0       0x10 /usr/lib/gcc/arm-none-eabi/12.2.0/../../../../arm-none-eabi/lib/thumb/v7e-m/nofp/libc_nano.a(lib_a-strlen.o)
                0x00000000080001b0                strlen
 .text          0x00000000080001c0       0xa0 /usr/lib/gcc/arm-none-eabi/12.2.0/../../../../arm-none-eabi/lib/thumb/v7e-m/nofp/libc_nano.a(lib_a-memchr.o)
                0x00000000080001c0                memchr
 .text          0x0000000008000260      0x378 /usr/lib/gcc/arm-none-eabi/12.2.0/thumb/v7e-m/nofp/libgcc.a(_arm_addsubdf3.o)
                0x0000000008000260                __aeabi_drsub
                0x0000000008000268                __aeabi_dsub
                0x0000000008000268                __subdf3
                0x000000000800026c                __adddf3
                0x000000000800026c                __aeabi_dadd
                0x00000000080004e4                __aeabi_ui2d
                0x00000000080004e4                __floatunsidf
                0x0000000008000504                __floatsidf
                0x0000000008000504                __aeabi_i2d
                0x0000000008000528                __extendsfdf2
                0x0000000008000528                __aeabi_f2d
                0x000000000800056c                __aeabi_ul2d
                0x000000000800056c                __floatundidf
                0x000000000800057c                __floatdidf
                0x000000000800057c                __aeabi_l2d
 .text          0x00000000080005d8      0x424 /usr/lib/gcc/arm-none-eabi/12.2.0/thumb/v7e-m/nofp/libgcc.a(_arm_muldivdf3.o)
                0x00000000080005d8                __aeabi_dmul
                0x00000000080005d8                __muldf3
                0x000000000800082c                __aeabi_ddiv
                0x000000000800082c                __divdf3
 .text          0x00000000080009fc      0x110 /usr/lib/gcc/arm-none-eabi/12.2.0/thumb/v7e-m/nofp/libgcc.a(_arm_cmpdf2.o)
                0x00000000080009fc                __gtdf2
                0x00000000080009fc                __gedf2
                0x0000000008000a04                __ltdf2
                0x0000000008000a04                __ledf2
                0x0000000008000a0c                __cmpdf2
                0x0000000008000a0c                __eqdf2
                0x0000000008000a0c                __nedf2
                0x0000000008000a88                __aeabi_cdrcmple
                0x0000000008000a98                __aeabi_cdcmple
                0x0000000008000a98                __aeabi_cdcmpeq
                0x0000000008000aa8                __aeabi_dcmpeq
                0x0000000008000abc                __aeabi_dcmplt
                0x0000000008000ad0                __aeabi_dcmple
                0x0000000008000ae4                __aeabi_dcmpge
                0x0000000008000af8                __aeabi_dcmpgt
 .text          0x0000000008000b0c       0x2c /usr/lib/gcc/arm-none-eabi/12.2.0/thumb/v7e-m/nofp/libgcc.a(_arm_unorddf2.o)
                0x0000000008000b0c                __aeabi_dcmpun
                0x0000000008000b0c                __unorddf2
 .text          0x0000000008000b38       0x50 /usr/lib/gcc/arm-none-eabi/12.2.0/thumb/v7e-m/nofp/libgcc.a(_arm_fixdfsi.o)
                0x0000000008000b38                __fixdfsi
                0x0000000008000b38                __aeabi_d2iz
 *(.text*)
 .text.__do_global_dtors_aux
                0x0000000008000b88       0x24 /usr/lib/gcc/arm-none-eabi/12.2.0/thumb/v7e-m/nofp/crtbegin.o
 .text.frame_dummy
                0x0000000008000bac       0x1c /usr/lib/gcc/arm-none-eabi/12.2.0/thumb/v7e-m/nofp/crtbegin.o
 .text.gpio_mode_set
                0x0000000008000bc8       0x44 build/gd32f4xx_gpio.o
                0x0000000008000bc8                gpio_mode_set
 .text.gpio_output_options_set
                0x0000000008000c0c       0x38 build/gd32f4xx_gpio.o
                0x0000000008000c0c                gpio_output_options_set
 .text.gpio_af_set
                0x0000000008000c44       0x60 build/gd32f4xx_gpio.o
                0x0000000008000c44                gpio_af_set
 .text.i2c_deinit
                0x0000000008000ca4       0x50 build/gd32f4xx_i2c.o
                0x0000000008000ca4                i2c_deinit
 .text.i2c_clock_config
                0x0000000008000cf4       0xc4 build/gd32f4xx_i2c.o
                0x0000000008000cf4                i2c_clock_config
 .text.i2c_mode_addr_config
                0x0000000008000db8       0x16 build/gd32f4xx_i2c.o
                0x0000000008000db8                i2c_mode_addr_config
 .text.i2c_ack_config
                0x0000000008000dce        0xc build/gd32f4xx_i2c.o
                0x0000000008000dce                i2c_ack_config
 .text.i2c_master_addressing
                0x0000000008000dda       0x10 build/gd32f4xx_i2c.o
                0x0000000008000dda                i2c_master_addressing
 .text.i2c_enable
                0x0000000008000dea        0xa build/gd32f4xx_i2c.o
                0x0000000008000dea                i2c_enable
 .text.i2c_start_on_bus
                0x0000000008000df4        0xa build/gd32f4xx_i2c.o
                0x0000000008000df4                i2c_start_on_bus
 .text.i2c_stop_on_bus
                0x0000000008000dfe        0xa build/gd32f4xx_i2c.o
                0x0000000008000dfe                i2c_stop_on_bus
 .text.i2c_data_transmit
                0x0000000008000e08        0x4 build/gd32f4xx_i2c.o
                0x0000000008000e08                i2c_data_transmit
 .text.i2c_data_receive
                0x0000000008000e0c        0x6 build/gd32f4xx_i2c.o
                0x0000000008000e0c                i2c_data_receive
 .text.i2c_flag_get
                0x0000000008000e12       0x10 build/gd32f4xx_i2c.o
                0x0000000008000e12                i2c_flag_get
 .text.i2c_flag_clear
                0x0000000008000e22       0x24 build/gd32f4xx_i2c.o
                0x0000000008000e22                i2c_flag_clear
 .text.rcu_periph_clock_enable
                0x0000000008000e46       0x1a build/gd32f4xx_rcu.o
                0x0000000008000e46                rcu_periph_clock_enable
 .text.rcu_periph_clock_disable
                0x0000000008000e60       0x1c build/gd32f4xx_rcu.o
                0x0000000008000e60                rcu_periph_clock_disable
 .text.rcu_periph_reset_enable
                0x0000000008000e7c        0x4 build/gd32f4xx_rcu.o
                0x0000000008000e7c                rcu_periph_reset_enable
 .text.rcu_periph_reset_disable
                0x0000000008000e80        0x4 build/gd32f4xx_rcu.o
                0x0000000008000e80                rcu_periph_reset_disable
 .text.rcu_clock_freq_get
                0x0000000008000e84       0xe8 build/gd32f4xx_rcu.o
                0x0000000008000e84                rcu_clock_freq_get
 .text.usart_deinit
                0x0000000008000f6c       0xc4 build/gd32f4xx_usart.o
                0x0000000008000f6c                usart_deinit
 .text.usart_baudrate_set
                0x0000000008001030       0x88 build/gd32f4xx_usart.o
                0x0000000008001030                usart_baudrate_set
 .text.usart_parity_config
                0x00000000080010b8       0x10 build/gd32f4xx_usart.o
                0x00000000080010b8                usart_parity_config
 .text.usart_word_length_set
                0x00000000080010c8       0x10 build/gd32f4xx_usart.o
                0x00000000080010c8                usart_word_length_set
 .text.usart_stop_bit_set
                0x00000000080010d8       0x10 build/gd32f4xx_usart.o
                0x00000000080010d8                usart_stop_bit_set
 .text.usart_enable
                0x00000000080010e8        0xa build/gd32f4xx_usart.o
                0x00000000080010e8                usart_enable
 .text.usart_transmit_config
                0x00000000080010f2        0xc build/gd32f4xx_usart.o
                0x00000000080010f2                usart_transmit_config
 .text.usart_receive_config
                0x00000000080010fe        0xc build/gd32f4xx_usart.o
                0x00000000080010fe                usart_receive_config
 .text.usart_data_transmit
                0x000000000800110a        0x8 build/gd32f4xx_usart.o
                0x000000000800110a                usart_data_transmit
 .text.usart_flag_get
                0x0000000008001112       0x10 build/gd32f4xx_usart.o
                0x0000000008001112                usart_flag_get
 *fill*         0x0000000008001122        0x2 
 .text.SystemInit
                0x0000000008001124      0x15c build/system_gd32f4xx.o
                0x0000000008001124                SystemInit
 .text.NMI_Handler
                0x0000000008001280        0x2 build/gd32f4xx_it.o
                0x0000000008001280                NMI_Handler
 .text.HardFault_Handler
                0x0000000008001282        0x2 build/gd32f4xx_it.o
                0x0000000008001282                HardFault_Handler
 .text.MemManage_Handler
                0x0000000008001284        0x2 build/gd32f4xx_it.o
                0x0000000008001284                MemManage_Handler
 .text.BusFault_Handler
                0x0000000008001286        0x2 build/gd32f4xx_it.o
                0x0000000008001286                BusFault_Handler
 .text.UsageFault_Handler
                0x0000000008001288        0x2 build/gd32f4xx_it.o
                0x0000000008001288                UsageFault_Handler
 .text.SVC_Handler
                0x000000000800128a        0x2 build/gd32f4xx_it.o
                0x000000000800128a                SVC_Handler
 .text.DebugMon_Handler
                0x000000000800128c        0x2 build/gd32f4xx_it.o
                0x000000000800128c                DebugMon_Handler
 .text.PendSV_Handler
                0x000000000800128e        0x2 build/gd32f4xx_it.o
                0x000000000800128e                PendSV_Handler
 .text.SysTick_Handler
                0x0000000008001290        0x4 build/gd32f4xx_it.o
                0x0000000008001290                SysTick_Handler
 .text.startup.main
                0x0000000008001294       0x16 build/main.o
                0x0000000008001294                main
 *fill*         0x00000000080012aa        0x2 
 .text.systick_config
                0x00000000080012ac       0x3c build/systick.o
                0x00000000080012ac                systick_config
 .text.delay_1ms
                0x00000000080012e8       0x10 build/systick.o
                0x00000000080012e8                delay_1ms
 .text.delay_decrement
                0x00000000080012f8       0x14 build/systick.o
                0x00000000080012f8                delay_decrement
 .text.usart_gpio_config
                0x000000000800130c       0xb8 build/bsp_usart.o
                0x000000000800130c                usart_gpio_config
 .text._write   0x00000000080013c4       0x30 build/bsp_usart.o
                0x00000000080013c4                _write
 .text.i2c_config
                0x00000000080013f4       0x94 build/bsp_i2c.o
                0x00000000080013f4                i2c_config
 .text.i2c_buffer_read_timeout
                0x0000000008001488      0x100 build/bsp_i2c.o
                0x0000000008001488                i2c_buffer_read_timeout
 .text.i2c_buffer_write_timeout
                0x0000000008001588       0xfc build/bsp_i2c.o
                0x0000000008001588                i2c_buffer_write_timeout
 .text.mpu6050_init
                0x0000000008001684       0x48 build/bsp_mpu6050.o
                0x0000000008001684                mpu6050_init
 .text.Reset_Handler
                0x00000000080016cc       0x48 build/startup_gd32f450_470.o
                0x00000000080016cc                Reset_Handler
 .text.Default_Handler
                0x0000000008001714        0x2 build/startup_gd32f450_470.o
                0x0000000008001714                RTC_Alarm_IRQHandler
                0x0000000008001714                EXTI2_IRQHandler
                0x0000000008001714                TIMER2_IRQHandler
                0x0000000008001714                LVD_IRQHandler
                0x0000000008001714                SPI4_IRQHandler
                0x0000000008001714                CAN1_EWMC_IRQHandler
                0x0000000008001714                TIMER7_UP_TIMER12_IRQHandler
                0x0000000008001714                SDIO_IRQHandler
                0x0000000008001714                EXTI3_IRQHandler
                0x0000000008001714                DCI_IRQHandler
                0x0000000008001714                USBFS_WKUP_IRQHandler
                0x0000000008001714                USBHS_IRQHandler
                0x0000000008001714                IPA_IRQHandler
                0x0000000008001714                TIMER5_DAC_IRQHandler
                0x0000000008001714                TIMER0_TRG_CMT_TIMER10_IRQHandler
                0x0000000008001714                USBFS_IRQHandler
                0x0000000008001714                TIMER3_IRQHandler
                0x0000000008001714                DMA0_Channel6_IRQHandler
                0x0000000008001714                I2C0_EV_IRQHandler
                0x0000000008001714                EXTI0_IRQHandler
                0x0000000008001714                I2C2_EV_IRQHandler
                0x0000000008001714                CAN1_RX0_IRQHandler
                0x0000000008001714                FPU_IRQHandler
                0x0000000008001714                TIMER7_TRG_CMT_TIMER13_IRQHandler
                0x0000000008001714                TIMER4_IRQHandler
                0x0000000008001714                SPI1_IRQHandler
                0x0000000008001714                DMA0_Channel0_IRQHandler
                0x0000000008001714                USART5_IRQHandler
                0x0000000008001714                TIMER0_BRK_TIMER8_IRQHandler
                0x0000000008001714                DMA1_Channel0_IRQHandler
                0x0000000008001714                TIMER7_BRK_TIMER11_IRQHandler
                0x0000000008001714                TIMER6_IRQHandler
                0x0000000008001714                DMA1_Channel4_IRQHandler
                0x0000000008001714                DMA0_Channel3_IRQHandler
                0x0000000008001714                I2C0_ER_IRQHandler
                0x0000000008001714                TLI_IRQHandler
                0x0000000008001714                TIMER0_UP_TIMER9_IRQHandler
                0x0000000008001714                DMA1_Channel7_IRQHandler
                0x0000000008001714                CAN1_RX1_IRQHandler
                0x0000000008001714                DMA0_Channel2_IRQHandler
                0x0000000008001714                USART0_IRQHandler
                0x0000000008001714                TIMER1_IRQHandler
                0x0000000008001714                I2C1_EV_IRQHandler
                0x0000000008001714                DMA1_Channel6_IRQHandler
                0x0000000008001714                UART4_IRQHandler
                0x0000000008001714                EXTI10_15_IRQHandler
                0x0000000008001714                DMA1_Channel1_IRQHandler
                0x0000000008001714                Default_Handler
                0x0000000008001714                TIMER7_Channel_IRQHandler
                0x0000000008001714                DMA0_Channel7_IRQHandler
                0x0000000008001714                ADC_IRQHandler
                0x0000000008001714                CAN0_TX_IRQHandler
                0x0000000008001714                WWDGT_IRQHandler
                0x0000000008001714                EXMC_IRQHandler
                0x0000000008001714                SPI5_IRQHandler
                0x0000000008001714                TAMPER_STAMP_IRQHandler
                0x0000000008001714                RTC_WKUP_IRQHandler
                0x0000000008001714                SPI2_IRQHandler
                0x0000000008001714                CAN1_TX_IRQHandler
                0x0000000008001714                RCU_CTC_IRQHandler
                0x0000000008001714                DMA1_Channel5_IRQHandler
                0x0000000008001714                EXTI4_IRQHandler
                0x0000000008001714                CAN0_RX1_IRQHandler
                0x0000000008001714                DMA0_Channel5_IRQHandler
                0x0000000008001714                DMA1_Channel3_IRQHandler
                0x0000000008001714                EXTI5_9_IRQHandler
                0x0000000008001714                DMA0_Channel1_IRQHandler
                0x0000000008001714                TIMER0_Channel_IRQHandler
                0x0000000008001714                EXTI1_IRQHandler
                0x0000000008001714                ENET_WKUP_IRQHandler
                0x0000000008001714                USBHS_EP1_In_IRQHandler
                0x0000000008001714                SPI0_IRQHandler
                0x0000000008001714                UART7_IRQHandler
                0x0000000008001714                USART2_IRQHandler
                0x0000000008001714                UART6_IRQHandler
                0x0000000008001714                CAN0_EWMC_IRQHandler
                0x0000000008001714                CAN0_RX0_IRQHandler
                0x0000000008001714                I2C2_ER_IRQHandler
                0x0000000008001714                DMA1_Channel2_IRQHandler
                0x0000000008001714                TLI_ER_IRQHandler
                0x0000000008001714                USART1_IRQHandler
                0x0000000008001714                SPI3_IRQHandler
                0x0000000008001714                UART3_IRQHandler
                0x0000000008001714                I2C1_ER_IRQHandler
                0x0000000008001714                FMC_IRQHandler
                0x0000000008001714                USBHS_WKUP_IRQHandler
                0x0000000008001714                DMA0_Channel4_IRQHandler
                0x0000000008001714                TRNG_IRQHandler
                0x0000000008001714                ENET_IRQHandler
                0x0000000008001714                USBHS_EP1_Out_IRQHandler
 *fill*         0x0000000008001716        0x2 
 .text.__libc_init_array
                0x0000000008001718       0x48 /usr/lib/gcc/arm-none-eabi/12.2.0/../../../../arm-none-eabi/lib/thumb/v7e-m/nofp/libc_nano.a(lib_a-init.o)
                0x0000000008001718                __libc_init_array
 .text.memset   0x0000000008001760       0x10 /usr/lib/gcc/arm-none-eabi/12.2.0/../../../../arm-none-eabi/lib/thumb/v7e-m/nofp/libc_nano.a(lib_a-memset.o)
                0x0000000008001760                memset
 .text.__cvt    0x0000000008001770       0xc0 /usr/lib/gcc/arm-none-eabi/12.2.0/../../../../arm-none-eabi/lib/thumb/v7e-m/nofp/libc_nano.a(lib_a-nano-vfprintf_float.o)
                0x0000000008001770                __cvt
 .text.__exponent
                0x0000000008001830       0x7c /usr/lib/gcc/arm-none-eabi/12.2.0/../../../../arm-none-eabi/lib/thumb/v7e-m/nofp/libc_nano.a(lib_a-nano-vfprintf_float.o)
                0x0000000008001830                __exponent
 .text._printf_float
                0x00000000080018ac      0x458 /usr/lib/gcc/arm-none-eabi/12.2.0/../../../../arm-none-eabi/lib/thumb/v7e-m/nofp/libc_nano.a(lib_a-nano-vfprintf_float.o)
                0x00000000080018ac                _printf_float
 .text._printf_common
                0x0000000008001d04       0xda /usr/lib/gcc/arm-none-eabi/12.2.0/../../../../arm-none-eabi/lib/thumb/v7e-m/nofp/libc_nano.a(lib_a-nano-vfprintf_i.o)
                0x0000000008001d04                _printf_common
 *fill*         0x0000000008001dde        0x2 
 .text._printf_i
                0x0000000008001de0      0x244 /usr/lib/gcc/arm-none-eabi/12.2.0/../../../../arm-none-eabi/lib/thumb/v7e-m/nofp/libc_nano.a(lib_a-nano-vfprintf_i.o)
                0x0000000008001de0                _printf_i
 .text.printf   0x0000000008002024       0x30 /usr/lib/gcc/arm-none-eabi/12.2.0/../../../../arm-none-eabi/lib/thumb/v7e-m/nofp/libc_nano.a(lib_a-printf.o)
                0x0000000008002024                printf
                0x0000000008002024                iprintf
 .text._puts_r  0x0000000008002054       0xdc /usr/lib/gcc/arm-none-eabi/12.2.0/../../../../arm-none-eabi/lib/thumb/v7e-m/nofp/libc_nano.a(lib_a-puts.o)
                0x0000000008002054                _puts_r
 .text.puts     0x0000000008002130       0x10 /usr/lib/gcc/arm-none-eabi/12.2.0/../../../../arm-none-eabi/lib/thumb/v7e-m/nofp/libc_nano.a(lib_a-puts.o)
                0x0000000008002130                puts
 .text.__swbuf_r
                0x0000000008002140       0xa4 /usr/lib/gcc/arm-none-eabi/12.2.0/../../../../arm-none-eabi/lib/thumb/v7e-m/nofp/libc_nano.a(lib_a-wbuf.o)
                0x0000000008002140                __swbuf_r
 .text.__swsetup_r
                0x00000000080021e4       0xdc /usr/lib/gcc/arm-none-eabi/12.2.0/../../../../arm-none-eabi/lib/thumb/v7e-m/nofp/libc_nano.a(lib_a-wsetup.o)
                0x00000000080021e4                __swsetup_r
 .text.quorem   0x00000000080022c0      0x10a /usr/lib/gcc/arm-none-eabi/12.2.0/../../../../arm-none-eabi/lib/thumb/v7e-m/nofp/libc_nano.a(lib_a-dtoa.o)
 *fill*         0x00000000080023ca        0x6 
 .text._dtoa_r  0x00000000080023d0      0xbc0 /usr/lib/gcc/arm-none-eabi/12.2.0/../../../../arm-none-eabi/lib/thumb/v7e-m/nofp/libc_nano.a(lib_a-dtoa.o)
                0x00000000080023d0                _dtoa_r
 .text.__sflush_r
                0x0000000008002f90      0x104 /usr/lib/gcc/arm-none-eabi/12.2.0/../../../../arm-none-eabi/lib/thumb/v7e-m/nofp/libc_nano.a(lib_a-fflush.o)
                0x0000000008002f90                __sflush_r
 .text._fflush_r
                0x0000000008003094       0x78 /usr/lib/gcc/arm-none-eabi/12.2.0/../../../../arm-none-eabi/lib/thumb/v7e-m/nofp/libc_nano.a(lib_a-fflush.o)
                0x0000000008003094                _fflush_r
 .text.std      0x000000000800310c       0x48 /usr/lib/gcc/arm-none-eabi/12.2.0/../../../../arm-none-eabi/lib/thumb/v7e-m/nofp/libc_nano.a(lib_a-findfp.o)
 .text._cleanup_r
                0x0000000008003154        0xc /usr/lib/gcc/arm-none-eabi/12.2.0/../../../../arm-none-eabi/lib/thumb/v7e-m/nofp/libc_nano.a(lib_a-findfp.o)
                0x0000000008003154                _cleanup_r
 .text.__sfmoreglue
                0x0000000008003160       0x2c /usr/lib/gcc/arm-none-eabi/12.2.0/../../../../arm-none-eabi/lib/thumb/v7e-m/nofp/libc_nano.a(lib_a-findfp.o)
                0x0000000008003160                __sfmoreglue
 .text.__sfp_lock_acquire
                0x000000000800318c        0xc /usr/lib/gcc/arm-none-eabi/12.2.0/../../../../arm-none-eabi/lib/thumb/v7e-m/nofp/libc_nano.a(lib_a-findfp.o)
                0x000000000800318c                __sfp_lock_acquire
 .text.__sfp_lock_release
                0x0000000008003198        0xc /usr/lib/gcc/arm-none-eabi/12.2.0/../../../../arm-none-eabi/lib/thumb/v7e-m/nofp/libc_nano.a(lib_a-findfp.o)
                0x0000000008003198                __sfp_lock_release
 .text.__sinit_lock_acquire
                0x00000000080031a4        0xc /usr/lib/gcc/arm-none-eabi/12.2.0/../../../../arm-none-eabi/lib/thumb/v7e-m/nofp/libc_nano.a(lib_a-findfp.o)
                0x00000000080031a4                __sinit_lock_acquire
 .text.__sinit_lock_release
                0x00000000080031b0        0xc /usr/lib/gcc/arm-none-eabi/12.2.0/../../../../arm-none-eabi/lib/thumb/v7e-m/nofp/libc_nano.a(lib_a-findfp.o)
                0x00000000080031b0                __sinit_lock_release
 .text.__sinit  0x00000000080031bc       0x70 /usr/lib/gcc/arm-none-eabi/12.2.0/../../../../arm-none-eabi/lib/thumb/v7e-m/nofp/libc_nano.a(lib_a-findfp.o)
                0x00000000080031bc                __sinit
 .text.__sfp    0x000000000800322c       0x8c /usr/lib/gcc/arm-none-eabi/12.2.0/../../../../arm-none-eabi/lib/thumb/v7e-m/nofp/libc_nano.a(lib_a-findfp.o)
                0x000000000800322c                __sfp
 .text._fwalk_reent
                0x00000000080032b8       0x3e /usr/lib/gcc/arm-none-eabi/12.2.0/../../../../arm-none-eabi/lib/thumb/v7e-m/nofp/libc_nano.a(lib_a-fwalk.o)
                0x00000000080032b8                _fwalk_reent
 *fill*         0x00000000080032f6        0x2 
 .text._localeconv_r
                0x00000000080032f8        0x8 /usr/lib/gcc/arm-none-eabi/12.2.0/../../../../arm-none-eabi/lib/thumb/v7e-m/nofp/libc_nano.a(lib_a-localeconv.o)
                0x00000000080032f8                _localeconv_r
 .text.__retarget_lock_init_recursive
                0x0000000008003300        0x2 /usr/lib/gcc/arm-none-eabi/12.2.0/../../../../arm-none-eabi/lib/thumb/v7e-m/nofp/libc_nano.a(lib_a-lock.o)
                0x0000000008003300                __retarget_lock_init_recursive
 .text.__retarget_lock_acquire_recursive
                0x0000000008003302        0x2 /usr/lib/gcc/arm-none-eabi/12.2.0/../../../../arm-none-eabi/lib/thumb/v7e-m/nofp/libc_nano.a(lib_a-lock.o)
                0x0000000008003302                __retarget_lock_acquire_recursive
 .text.__retarget_lock_release_recursive
                0x0000000008003304        0x2 /usr/lib/gcc/arm-none-eabi/12.2.0/../../../../arm-none-eabi/lib/thumb/v7e-m/nofp/libc_nano.a(lib_a-lock.o)
                0x0000000008003304                __retarget_lock_release_recursive
 .text.__swhatbuf_r
                0x0000000008003306       0x4c /usr/lib/gcc/arm-none-eabi/12.2.0/../../../../arm-none-eabi/lib/thumb/v7e-m/nofp/libc_nano.a(lib_a-makebuf.o)
                0x0000000008003306                __swhatbuf_r
 *fill*         0x0000000008003352        0x2 
 .text.__smakebuf_r
                0x0000000008003354       0x80 /usr/lib/gcc/arm-none-eabi/12.2.0/../../../../arm-none-eabi/lib/thumb/v7e-m/nofp/libc_nano.a(lib_a-makebuf.o)
                0x0000000008003354                __smakebuf_r
 .text.malloc   0x00000000080033d4       0x10 /usr/lib/gcc/arm-none-eabi/12.2.0/../../../../arm-none-eabi/lib/thumb/v7e-m/nofp/libc_nano.a(lib_a-malloc.o)
                0x00000000080033d4                malloc
 .text.__ascii_mbtowc
                0x00000000080033e4       0x24 /usr/lib/gcc/arm-none-eabi/12.2.0/../../../../arm-none-eabi/lib/thumb/v7e-m/nofp/libc_nano.a(lib_a-mbtowc_r.o)
                0x00000000080033e4                __ascii_mbtowc
 .text.memcpy   0x0000000008003408       0x1c /usr/lib/gcc/arm-none-eabi/12.2.0/../../../../arm-none-eabi/lib/thumb/v7e-m/nofp/libc_nano.a(lib_a-memcpy-stub.o)
                0x0000000008003408                memcpy
 .text._Balloc  0x0000000008003424       0x80 /usr/lib/gcc/arm-none-eabi/12.2.0/../../../../arm-none-eabi/lib/thumb/v7e-m/nofp/libc_nano.a(lib_a-mprec.o)
                0x0000000008003424                _Balloc
 .text._Bfree   0x00000000080034a4       0x44 /usr/lib/gcc/arm-none-eabi/12.2.0/../../../../arm-none-eabi/lib/thumb/v7e-m/nofp/libc_nano.a(lib_a-mprec.o)
                0x00000000080034a4                _Bfree
 .text.__multadd
                0x00000000080034e8       0x8c /usr/lib/gcc/arm-none-eabi/12.2.0/../../../../arm-none-eabi/lib/thumb/v7e-m/nofp/libc_nano.a(lib_a-mprec.o)
                0x00000000080034e8                __multadd
 .text.__hi0bits
                0x0000000008003574       0x40 /usr/lib/gcc/arm-none-eabi/12.2.0/../../../../arm-none-eabi/lib/thumb/v7e-m/nofp/libc_nano.a(lib_a-mprec.o)
                0x0000000008003574                __hi0bits
 .text.__lo0bits
                0x00000000080035b4       0x5a /usr/lib/gcc/arm-none-eabi/12.2.0/../../../../arm-none-eabi/lib/thumb/v7e-m/nofp/libc_nano.a(lib_a-mprec.o)
                0x00000000080035b4                __lo0bits
 *fill*         0x000000000800360e        0x2 
 .text.__i2b    0x0000000008003610       0x2c /usr/lib/gcc/arm-none-eabi/12.2.0/../../../../arm-none-eabi/lib/thumb/v7e-m/nofp/libc_nano.a(lib_a-mprec.o)
                0x0000000008003610                __i2b
 .text.__multiply
                0x000000000800363c      0x154 /usr/lib/gcc/arm-none-eabi/12.2.0/../../../../arm-none-eabi/lib/thumb/v7e-m/nofp/libc_nano.a(lib_a-mprec.o)
                0x000000000800363c                __multiply
 .text.__pow5mult
                0x0000000008003790       0xb4 /usr/lib/gcc/arm-none-eabi/12.2.0/../../../../arm-none-eabi/lib/thumb/v7e-m/nofp/libc_nano.a(lib_a-mprec.o)
                0x0000000008003790                __pow5mult
 .text.__lshift
                0x0000000008003844       0xd8 /usr/lib/gcc/arm-none-eabi/12.2.0/../../../../arm-none-eabi/lib/thumb/v7e-m/nofp/libc_nano.a(lib_a-mprec.o)
                0x0000000008003844                __lshift
 .text.__mcmp   0x000000000800391c       0x36 /usr/lib/gcc/arm-none-eabi/12.2.0/../../../../arm-none-eabi/lib/thumb/v7e-m/nofp/libc_nano.a(lib_a-mprec.o)
                0x000000000800391c                __mcmp
 *fill*         0x0000000008003952        0x2 
 .text.__mdiff  0x0000000008003954      0x110 /usr/lib/gcc/arm-none-eabi/12.2.0/../../../../arm-none-eabi/lib/thumb/v7e-m/nofp/libc_nano.a(lib_a-mprec.o)
                0x0000000008003954                __mdiff
 .text.__d2b    0x0000000008003a64       0xac /usr/lib/gcc/arm-none-eabi/12.2.0/../../../../arm-none-eabi/lib/thumb/v7e-m/nofp/libc_nano.a(lib_a-mprec.o)
                0x0000000008003a64                __d2b
 .text._calloc_r
                0x0000000008003b10       0x28 /usr/lib/gcc/arm-none-eabi/12.2.0/../../../../arm-none-eabi/lib/thumb/v7e-m/nofp/libc_nano.a(lib_a-nano-callocr.o)
                0x0000000008003b10                _calloc_r
 .text._free_r  0x0000000008003b38       0x94 /usr/lib/gcc/arm-none-eabi/12.2.0/../../../../arm-none-eabi/lib/thumb/v7e-m/nofp/libc_nano.a(lib_a-nano-freer.o)
                0x0000000008003b38                _free_r
 .text.sbrk_aligned
                0x0000000008003bcc       0x40 /usr/lib/gcc/arm-none-eabi/12.2.0/../../../../arm-none-eabi/lib/thumb/v7e-m/nofp/libc_nano.a(lib_a-nano-mallocr.o)
 .text._malloc_r
                0x0000000008003c0c       0xe8 /usr/lib/gcc/arm-none-eabi/12.2.0/../../../../arm-none-eabi/lib/thumb/v7e-m/nofp/libc_nano.a(lib_a-nano-mallocr.o)
                0x0000000008003c0c                _malloc_r
 .text.__sfputc_r
                0x0000000008003cf4       0x2a /usr/lib/gcc/arm-none-eabi/12.2.0/../../../../arm-none-eabi/lib/thumb/v7e-m/nofp/libc_nano.a(lib_a-nano-vfprintf.o)
 .text.__sfputs_r
                0x0000000008003d1e       0x24 /usr/lib/gcc/arm-none-eabi/12.2.0/../../../../arm-none-eabi/lib/thumb/v7e-m/nofp/libc_nano.a(lib_a-nano-vfprintf.o)
                0x0000000008003d1e                __sfputs_r
 *fill*         0x0000000008003d42        0x2 
 .text._vfprintf_r
                0x0000000008003d44      0x25c /usr/lib/gcc/arm-none-eabi/12.2.0/../../../../arm-none-eabi/lib/thumb/v7e-m/nofp/libc_nano.a(lib_a-nano-vfprintf.o)
                0x0000000008003d44                _vfiprintf_r
                0x0000000008003d44                _vfprintf_r
 .text._sbrk_r  0x0000000008003fa0       0x20 /usr/lib/gcc/arm-none-eabi/12.2.0/../../../../arm-none-eabi/lib/thumb/v7e-m/nofp/libc_nano.a(lib_a-sbrkr.o)
                0x0000000008003fa0                _sbrk_r
 .text.__sread  0x0000000008003fc0       0x22 /usr/lib/gcc/arm-none-eabi/12.2.0/../../../../arm-none-eabi/lib/thumb/v7e-m/nofp/libc_nano.a(lib_a-stdio.o)
                0x0000000008003fc0                __sread
 .text.__swrite
                0x0000000008003fe2       0x38 /usr/lib/gcc/arm-none-eabi/12.2.0/../../../../arm-none-eabi/lib/thumb/v7e-m/nofp/libc_nano.a(lib_a-stdio.o)
                0x0000000008003fe2                __swrite
 .text.__sseek  0x000000000800401a       0x24 /usr/lib/gcc/arm-none-eabi/12.2.0/../../../../arm-none-eabi/lib/thumb/v7e-m/nofp/libc_nano.a(lib_a-stdio.o)
                0x000000000800401a                __sseek
 .text.__sclose
                0x000000000800403e        0x8 /usr/lib/gcc/arm-none-eabi/12.2.0/../../../../arm-none-eabi/lib/thumb/v7e-m/nofp/libc_nano.a(lib_a-stdio.o)
                0x000000000800403e                __sclose
 .text.__ascii_wctomb
                0x0000000008004046       0x1a /usr/lib/gcc/arm-none-eabi/12.2.0/../../../../arm-none-eabi/lib/thumb/v7e-m/nofp/libc_nano.a(lib_a-wctomb_r.o)
                0x0000000008004046                __ascii_wctomb
 .text._write_r
                0x0000000008004060       0x24 /usr/lib/gcc/arm-none-eabi/12.2.0/../../../../arm-none-eabi/lib/thumb/v7e-m/nofp/libc_nano.a(lib_a-writer.o)
                0x0000000008004060                _write_r
 .text.__assert_func
                0x0000000008004084       0x3c /usr/lib/gcc/arm-none-eabi/12.2.0/../../../../arm-none-eabi/lib/thumb/v7e-m/nofp/libc_nano.a(lib_a-assert.o)
                0x0000000008004084                __assert_func
 .text._close_r
                0x00000000080040c0       0x20 /usr/lib/gcc/arm-none-eabi/12.2.0/../../../../arm-none-eabi/lib/thumb/v7e-m/nofp/libc_nano.a(lib_a-closer.o)
                0x00000000080040c0                _close_r
 .text.fprintf  0x00000000080040e0       0x24 /usr/lib/gcc/arm-none-eabi/12.2.0/../../../../arm-none-eabi/lib/thumb/v7e-m/nofp/libc_nano.a(lib_a-fprintf.o)
                0x00000000080040e0                fprintf
                0x00000000080040e0                fiprintf
 .text._fstat_r
                0x0000000008004104       0x24 /usr/lib/gcc/arm-none-eabi/12.2.0/../../../../arm-none-eabi/lib/thumb/v7e-m/nofp/libc_nano.a(lib_a-fstatr.o)
                0x0000000008004104                _fstat_r
 .text._isatty_r
                0x0000000008004128       0x20 /usr/lib/gcc/arm-none-eabi/12.2.0/../../../../arm-none-eabi/lib/thumb/v7e-m/nofp/libc_nano.a(lib_a-isattyr.o)
                0x0000000008004128                _isatty_r
 .text._lseek_r
                0x0000000008004148       0x24 /usr/lib/gcc/arm-none-eabi/12.2.0/../../../../arm-none-eabi/lib/thumb/v7e-m/nofp/libc_nano.a(lib_a-lseekr.o)
                0x0000000008004148                _lseek_r
 .text.__malloc_lock
                0x000000000800416c        0xc /usr/lib/gcc/arm-none-eabi/12.2.0/../../../../arm-none-eabi/lib/thumb/v7e-m/nofp/libc_nano.a(lib_a-mlock.o)
                0x000000000800416c                __malloc_lock
 .text.__malloc_unlock
                0x0000000008004178        0xc /usr/lib/gcc/arm-none-eabi/12.2.0/../../../../arm-none-eabi/lib/thumb/v7e-m/nofp/libc_nano.a(lib_a-mlock.o)
                0x0000000008004178                __malloc_unlock
 .text._read_r  0x0000000008004184       0x24 /usr/lib/gcc/arm-none-eabi/12.2.0/../../../../arm-none-eabi/lib/thumb/v7e-m/nofp/libc_nano.a(lib_a-readr.o)
                0x0000000008004184                _read_r
 .text.abort    0x00000000080041a8        0xe /usr/lib/gcc/arm-none-eabi/12.2.0/../../../../arm-none-eabi/lib/thumb/v7e-m/nofp/libc_nano.a(lib_a-abort.o)
                0x00000000080041a8                abort
 .text._raise_r
                0x00000000080041b6       0x50 /usr/lib/gcc/arm-none-eabi/12.2.0/../../../../arm-none-eabi/lib/thumb/v7e-m/nofp/libc_nano.a(lib_a-signal.o)
                0x00000000080041b6                _raise_r
 *fill*         0x0000000008004206        0x2 
 .text.raise    0x0000000008004208       0x10 /usr/lib/gcc/arm-none-eabi/12.2.0/../../../../arm-none-eabi/lib/thumb/v7e-m/nofp/libc_nano.a(lib_a-signal.o)
                0x0000000008004208                raise
 .text._kill_r  0x0000000008004218       0x24 /usr/lib/gcc/arm-none-eabi/12.2.0/../../../../arm-none-eabi/lib/thumb/v7e-m/nofp/libc_nano.a(lib_a-signalr.o)
                0x0000000008004218                _kill_r
 .text._getpid_r
                0x000000000800423c        0x4 /usr/lib/gcc/arm-none-eabi/12.2.0/../../../../arm-none-eabi/lib/thumb/v7e-m/nofp/libc_nano.a(lib_a-signalr.o)
                0x000000000800423c                _getpid_r
 .text._close   0x0000000008004240       0x10 /usr/lib/gcc/arm-none-eabi/12.2.0/../../../../arm-none-eabi/lib/thumb/v7e-m/nofp/libnosys.a(close.o)
                0x0000000008004240                _close
 .text._fstat   0x0000000008004250       0x10 /usr/lib/gcc/arm-none-eabi/12.2.0/../../../../arm-none-eabi/lib/thumb/v7e-m/nofp/libnosys.a(fstat.o)
                0x0000000008004250                _fstat
 .text._getpid  0x0000000008004260       0x10 /usr/lib/gcc/arm-none-eabi/12.2.0/../../../../arm-none-eabi/lib/thumb/v7e-m/nofp/libnosys.a(getpid.o)
                0x0000000008004260                _getpid
 .text._isatty  0x0000000008004270       0x10 /usr/lib/gcc/arm-none-eabi/12.2.0/../../../../arm-none-eabi/lib/thumb/v7e-m/nofp/libnosys.a(isatty.o)
                0x0000000008004270                _isatty
 .text._kill    0x0000000008004280       0x10 /usr/lib/gcc/arm-none-eabi/12.2.0/../../../../arm-none-eabi/lib/thumb/v7e-m/nofp/libnosys.a(kill.o)
                0x0000000008004280                _kill
 .text._lseek   0x0000000008004290       0x10 /usr/lib/gcc/arm-none-eabi/12.2.0/../../../../arm-none-eabi/lib/thumb/v7e-m/nofp/libnosys.a(lseek.o)
                0x0000000008004290                _lseek
 .text._read    0x00000000080042a0       0x10 /usr/lib/gcc/arm-none-eabi/12.2.0/../../../../arm-none-eabi/lib/thumb/v7e-m/nofp/libnosys.a(read.o)
                0x00000000080042a0                _read
 .text._sbrk    0x00000000080042b0       0x1c /usr/lib/gcc/arm-none-eabi/12.2.0/../../../../arm-none-eabi/lib/thumb/v7e-m/nofp/libnosys.a(sbrk.o)
                0x00000000080042b0                _sbrk
 .text._exit    0x00000000080042cc        0x4 /usr/lib/gcc/arm-none-eabi/12.2.0/../../../../arm-none-eabi/lib/thumb/v7e-m/nofp/libnosys.a(_exit.o)
                0x00000000080042cc                _exit
 *(.glue_7)
 .glue_7        0x00000000080042d0        0x0 linker stubs
 *(.glue_7t)
 .glue_7t       0x00000000080042d0        0x0 linker stubs
 *(.eh_frame)
 .eh_frame      0x00000000080042d0        0x0 /usr/lib/gcc/arm-none-eabi/12.2.0/thumb/v7e-m/nofp/crtbegin.o
 *(.init)
 .init          0x00000000080042d0        0x4 /usr/lib/gcc/arm-none-eabi/12.2.0/thumb/v7e-m/nofp/crti.o
                0x00000000080042d0                _init
 .init          0x00000000080042d4        0x8 /usr/lib/gcc/arm-none-eabi/12.2.0/thumb/v7e-m/nofp/crtn.o
 *(.fini)
 .fini          0x00000000080042dc        0x4 /usr/lib/gcc/arm-none-eabi/12.2.0/thumb/v7e-m/nofp/crti.o
                0x00000000080042dc                _fini
 .fini          0x00000000080042e0        0x8 /usr/lib/gcc/arm-none-eabi/12.2.0/thumb/v7e-m/nofp/crtn.o
                0x00000000080042e8                . = ALIGN (0x4)
                0x00000000080042e8                _etext = .

.vfp11_veneer   0x00000000080042e8        0x0
 .vfp11_veneer  0x00000000080042e8        0x0 linker stubs

.v4_bx          0x00000000080042e8        0x0
 .v4_bx         0x00000000080042e8        0x0 linker stubs

.iplt           0x00000000080042e8        0x0
 .iplt          0x00000000080042e8        0x0 /usr/lib/gcc/arm-none-eabi/12.2.0/thumb/v7e-m/nofp/crtbegin.o

.rodata         0x00000000080042e8      0x40c
                0x00000000080042e8                . = ALIGN (0x4)
 *(.rodata)
 .rodata        0x00000000080042e8       0x18 build/gd32f4xx_rcu.o
 *(.rodata*)
 .rodata.mpu6050_init.str1.1
                0x0000000008004300       0x38 build/bsp_mpu6050.o
 .rodata._global_impure_ptr
                0x0000000008004338        0x4 /usr/lib/gcc/arm-none-eabi/12.2.0/../../../../arm-none-eabi/lib/thumb/v7e-m/nofp/libc_nano.a(lib_a-impure.o)
                0x0000000008004338                _global_impure_ptr
 .rodata._printf_float.str1.1
                0x000000000800433c       0x12 /usr/lib/gcc/arm-none-eabi/12.2.0/../../../../arm-none-eabi/lib/thumb/v7e-m/nofp/libc_nano.a(lib_a-nano-vfprintf_float.o)
 .rodata._printf_i.str1.1
                0x000000000800434e       0x22 /usr/lib/gcc/arm-none-eabi/12.2.0/../../../../arm-none-eabi/lib/thumb/v7e-m/nofp/libc_nano.a(lib_a-nano-vfprintf_i.o)
 .rodata._dtoa_r.str1.1
                0x0000000008004370       0x7d /usr/lib/gcc/arm-none-eabi/12.2.0/../../../../arm-none-eabi/lib/thumb/v7e-m/nofp/libc_nano.a(lib_a-dtoa.o)
                                         0x7f (size before relaxing)
 *fill*         0x00000000080043ed        0x3 
 .rodata.__sf_fake_stderr
                0x00000000080043f0       0x20 /usr/lib/gcc/arm-none-eabi/12.2.0/../../../../arm-none-eabi/lib/thumb/v7e-m/nofp/libc_nano.a(lib_a-findfp.o)
                0x00000000080043f0                __sf_fake_stderr
 .rodata.__sf_fake_stdin
                0x0000000008004410       0x20 /usr/lib/gcc/arm-none-eabi/12.2.0/../../../../arm-none-eabi/lib/thumb/v7e-m/nofp/libc_nano.a(lib_a-findfp.o)
                0x0000000008004410                __sf_fake_stdin
 .rodata.__sf_fake_stdout
                0x0000000008004430       0x20 /usr/lib/gcc/arm-none-eabi/12.2.0/../../../../arm-none-eabi/lib/thumb/v7e-m/nofp/libc_nano.a(lib_a-findfp.o)
                0x0000000008004430                __sf_fake_stdout
 .rodata._setlocale_r.str1.1
                0x0000000008004450        0x8 /usr/lib/gcc/arm-none-eabi/12.2.0/../../../../arm-none-eabi/lib/thumb/v7e-m/nofp/libc_nano.a(lib_a-locale.o)
                                          0x9 (size before relaxing)
 .rodata.str1.1
                0x0000000008004458        0x2 /usr/lib/gcc/arm-none-eabi/12.2.0/../../../../arm-none-eabi/lib/thumb/v7e-m/nofp/libc_nano.a(lib_a-locale.o)
 .rodata._Balloc.str1.1
                0x000000000800445a       0x49 /usr/lib/gcc/arm-none-eabi/12.2.0/../../../../arm-none-eabi/lib/thumb/v7e-m/nofp/libc_nano.a(lib_a-mprec.o)
                                         0x60 (size before relaxing)
 .rodata.__multadd.str1.1
                0x00000000080044a3       0x11 /usr/lib/gcc/arm-none-eabi/12.2.0/../../../../arm-none-eabi/lib/thumb/v7e-m/nofp/libc_nano.a(lib_a-mprec.o)
 *fill*         0x00000000080044a3        0x5 
 .rodata.__mprec_bigtens
                0x00000000080044a8       0x28 /usr/lib/gcc/arm-none-eabi/12.2.0/../../../../arm-none-eabi/lib/thumb/v7e-m/nofp/libc_nano.a(lib_a-mprec.o)
                0x00000000080044a8                __mprec_bigtens
 .rodata.__mprec_tens
                0x00000000080044d0       0xc8 /usr/lib/gcc/arm-none-eabi/12.2.0/../../../../arm-none-eabi/lib/thumb/v7e-m/nofp/libc_nano.a(lib_a-mprec.o)
                0x00000000080044d0                __mprec_tens
 .rodata.p05.0  0x0000000008004598        0xc /usr/lib/gcc/arm-none-eabi/12.2.0/../../../../arm-none-eabi/lib/thumb/v7e-m/nofp/libc_nano.a(lib_a-mprec.o)
 .rodata._vfprintf_r.str1.1
                0x00000000080045a4       0x11 /usr/lib/gcc/arm-none-eabi/12.2.0/../../../../arm-none-eabi/lib/thumb/v7e-m/nofp/libc_nano.a(lib_a-nano-vfprintf.o)
 .rodata.__assert_func.str1.1
                0x00000000080045b5       0x3c /usr/lib/gcc/arm-none-eabi/12.2.0/../../../../arm-none-eabi/lib/thumb/v7e-m/nofp/libc_nano.a(lib_a-assert.o)
                                         0x3d (size before relaxing)
 .rodata._ctype_
                0x00000000080045f1      0x101 /usr/lib/gcc/arm-none-eabi/12.2.0/../../../../arm-none-eabi/lib/thumb/v7e-m/nofp/libc_nano.a(lib_a-ctype_.o)
                0x00000000080045f1                _ctype_
                0x00000000080046f4                . = ALIGN (0x4)
 *fill*         0x00000000080046f2        0x2 

.rel.dyn        0x00000000080046f4        0x0
 .rel.iplt      0x00000000080046f4        0x0 /usr/lib/gcc/arm-none-eabi/12.2.0/thumb/v7e-m/nofp/crtbegin.o

.ARM.extab
 *(.ARM.extab* .gnu.linkonce.armextab.*)

.ARM            0x00000000080046f4        0x0
                0x00000000080046f4                __exidx_start = .
 *(.ARM.exidx*)
                0x00000000080046f4                __exidx_end = .

.preinit_array  0x00000000080046f4        0x0
                0x00000000080046f4                PROVIDE (__preinit_array_start = .)
 *(.preinit_array*)
                0x00000000080046f4                PROVIDE (__preinit_array_end = .)

.init_array     0x00000000080046f4        0x4
                0x00000000080046f4                PROVIDE (__init_array_start = .)
 *(SORT_BY_NAME(.init_array.*))
 *(.init_array*)
 .init_array    0x00000000080046f4        0x4 /usr/lib/gcc/arm-none-eabi/12.2.0/thumb/v7e-m/nofp/crtbegin.o
                0x00000000080046f8                PROVIDE (__init_array_end = .)

.fini_array     0x00000000080046f8        0x4
                0x00000000080046f8                PROVIDE (__fini_array_start = .)
 *(SORT_BY_NAME(.fini_array.*))
 *(.fini_array*)
 .fini_array    0x00000000080046f8        0x4 /usr/lib/gcc/arm-none-eabi/12.2.0/thumb/v7e-m/nofp/crtbegin.o
                0x00000000080046fc                PROVIDE (__fini_array_end = .)
                0x00000000080046fc                _sidata = LOADADDR (.data)

.data           0x0000000020000000      0x1d4 load address 0x00000000080046fc
                0x0000000020000000                . = ALIGN (0x4)
                0x0000000020000000                _sdata = .
 *(.data)
 *(.data*)
 .data.SystemCoreClock
                0x0000000020000000        0x4 build/system_gd32f4xx.o
                0x0000000020000000                SystemCoreClock
 .data._impure_ptr
                0x0000000020000004        0x4 /usr/lib/gcc/arm-none-eabi/12.2.0/../../../../arm-none-eabi/lib/thumb/v7e-m/nofp/libc_nano.a(lib_a-impure.o)
                0x0000000020000004                _impure_ptr
 .data.impure_data
                0x0000000020000008       0x60 /usr/lib/gcc/arm-none-eabi/12.2.0/../../../../arm-none-eabi/lib/thumb/v7e-m/nofp/libc_nano.a(lib_a-impure.o)
 .data.__global_locale
                0x0000000020000068      0x16c /usr/lib/gcc/arm-none-eabi/12.2.0/../../../../arm-none-eabi/lib/thumb/v7e-m/nofp/libc_nano.a(lib_a-locale.o)
                0x0000000020000068                __global_locale
                0x00000000200001d4                . = ALIGN (0x4)
                0x00000000200001d4                _edata = .

.igot.plt       0x00000000200001d4        0x0 load address 0x00000000080048d0
 .igot.plt      0x00000000200001d4        0x0 /usr/lib/gcc/arm-none-eabi/12.2.0/thumb/v7e-m/nofp/crtbegin.o
                0x00000000200001d4                . = ALIGN (0x4)

.bss            0x00000000200001d4       0x34 load address 0x00000000080048d0
                0x00000000200001d4                _sbss = .
                0x00000000200001d4                __bss_start__ = _sbss
 *(.bss)
 *(.bss*)
 .bss.completed.1
                0x00000000200001d4        0x1 /usr/lib/gcc/arm-none-eabi/12.2.0/thumb/v7e-m/nofp/crtbegin.o
 *fill*         0x00000000200001d5        0x3 
 .bss.object.0  0x00000000200001d8       0x18 /usr/lib/gcc/arm-none-eabi/12.2.0/thumb/v7e-m/nofp/crtbegin.o
 .bss.delay     0x00000000200001f0        0x4 build/systick.o
 .bss.__lock___malloc_recursive_mutex
                0x00000000200001f4        0x1 /usr/lib/gcc/arm-none-eabi/12.2.0/../../../../arm-none-eabi/lib/thumb/v7e-m/nofp/libc_nano.a(lib_a-lock.o)
                0x00000000200001f4                __lock___malloc_recursive_mutex
 .bss.__lock___sfp_recursive_mutex
                0x00000000200001f5        0x1 /usr/lib/gcc/arm-none-eabi/12.2.0/../../../../arm-none-eabi/lib/thumb/v7e-m/nofp/libc_nano.a(lib_a-lock.o)
                0x00000000200001f5                __lock___sfp_recursive_mutex
 .bss.__lock___sinit_recursive_mutex
                0x00000000200001f6        0x1 /usr/lib/gcc/arm-none-eabi/12.2.0/../../../../arm-none-eabi/lib/thumb/v7e-m/nofp/libc_nano.a(lib_a-lock.o)
                0x00000000200001f6                __lock___sinit_recursive_mutex
 *fill*         0x00000000200001f7        0x1 
 .bss.__malloc_free_list
                0x00000000200001f8        0x4 /usr/lib/gcc/arm-none-eabi/12.2.0/../../../../arm-none-eabi/lib/thumb/v7e-m/nofp/libc_nano.a(lib_a-nano-mallocr.o)
                0x00000000200001f8                __malloc_free_list
 .bss.__malloc_sbrk_start
                0x00000000200001fc        0x4 /usr/lib/gcc/arm-none-eabi/12.2.0/../../../../arm-none-eabi/lib/thumb/v7e-m/nofp/libc_nano.a(lib_a-nano-mallocr.o)
                0x00000000200001fc                __malloc_sbrk_start
 .bss.errno     0x0000000020000200        0x4 /usr/lib/gcc/arm-none-eabi/12.2.0/../../../../arm-none-eabi/lib/thumb/v7e-m/nofp/libc_nano.a(lib_a-reent.o)
                0x0000000020000200                errno
 .bss.heap_end.0
                0x0000000020000204        0x4 /usr/lib/gcc/arm-none-eabi/12.2.0/../../../../arm-none-eabi/lib/thumb/v7e-m/nofp/libnosys.a(sbrk.o)
 *(COMMON)
                0x0000000020000208                . = ALIGN (0x4)
                0x0000000020000208                _ebss = .
                0x0000000020000208                __bss_end__ = _ebss

._user_heap_stack
                0x0000000020000208      0x600 load address 0x00000000080048d0
                0x0000000020000208                . = ALIGN (0x4)
                0x0000000020000208                PROVIDE (end = .)
                [!provide]                        PROVIDE (_end = .)
                0x0000000020000408                . = (. + _Min_Heap_Size)
 *fill*         0x0000000020000208      0x200 
                0x0000000020000808                . = (. + _Min_Stack_Size)
 *fill*         0x0000000020000408      0x400 
                0x0000000020000808                . = ALIGN (0x4)

.ccram_bss      0x0000000010000000        0x0
                0x0000000010000000                __ccram_start_bss__ = .
 *(.ccram_bss)
 *(.ccram_bss*)
                0x0000000010000000                . = ALIGN (0x4)
                0x0000000010000000                __ccram_end_bss__ = .
                0x00000000080048d0                _si_ccram_data = LOADADDR (.ccram_data)

.ccram_data     0x0000000010000000        0x0 load address 0x00000000080048d0
                0x0000000010000000                . = ALIGN (0x4)
                0x0000000010000000                _ccram_start_data = .
 *(.ccram_bss)
 *(.ccram_bss*)
                0x0000000010000000                . = ALIGN (0x4)
                0x0000000010000000                _ccram_end_data = .

/DISCARD/
 libc.a(*)
 libm.a(*)
 libgcc.a(*)

.ARM.attributes
                0x0000000000000000       0x2a
 *(.ARM.attributes)
 .ARM.attributes
                0x0000000000000000       0x1e /usr/lib/gcc/arm-none-eabi/12.2.0/thumb/v7e-m/nofp/crti.o
 .ARM.attributes
                0x000000000000001e       0x2e /usr/lib/gcc/arm-none-eabi/12.2.0/thumb/v7e-m/nofp/crtbegin.o
 .ARM.attributes
                0x000000000000004c       0x2e build/gd32f4xx_gpio.o
 .ARM.attributes
                0x000000000000007a       0x2e build/gd32f4xx_i2c.o
 .ARM.attributes
                0x00000000000000a8       0x2e build/gd32f4xx_rcu.o
 .ARM.attributes
                0x00000000000000d6       0x2e build/gd32f4xx_usart.o
 .ARM.attributes
                0x0000000000000104       0x2e build/system_gd32f4xx.o
 .ARM.attributes
                0x0000000000000132       0x2e build/gd32f4xx_it.o
 .ARM.attributes
                0x0000000000000160       0x2e build/main.o
 .ARM.attributes
                0x000000000000018e       0x2e build/systick.o
 .ARM.attributes
                0x00000000000001bc       0x2e build/bsp_usart.o
 .ARM.attributes
                0x00000000000001ea       0x2e build/bsp_i2c.o
 .ARM.attributes
                0x0000000000000218       0x2e build/bsp_mpu6050.o
 .ARM.attributes
                0x0000000000000246       0x21 build/startup_gd32f450_470.o
 .ARM.attributes
                0x0000000000000267       0x2e /usr/lib/gcc/arm-none-eabi/12.2.0/../../../../arm-none-eabi/lib/thumb/v7e-m/nofp/libc_nano.a(lib_a-impure.o)
 .ARM.attributes
                0x0000000000000295       0x2e /usr/lib/gcc/arm-none-eabi/12.2.0/../../../../arm-none-eabi/lib/thumb/v7e-m/nofp/libc_nano.a(lib_a-init.o)
 .ARM.attributes
                0x00000000000002c3       0x2e /usr/lib/gcc/arm-none-eabi/12.2.0/../../../../arm-none-eabi/lib/thumb/v7e-m/nofp/libc_nano.a(lib_a-memset.o)
 .ARM.attributes
                0x00000000000002f1       0x2e /usr/lib/gcc/arm-none-eabi/12.2.0/../../../../arm-none-eabi/lib/thumb/v7e-m/nofp/libc_nano.a(lib_a-nano-vfprintf_float.o)
 .ARM.attributes
                0x000000000000031f       0x2e /usr/lib/gcc/arm-none-eabi/12.2.0/../../../../arm-none-eabi/lib/thumb/v7e-m/nofp/libc_nano.a(lib_a-nano-vfprintf_i.o)
 .ARM.attributes
                0x000000000000034d       0x2e /usr/lib/gcc/arm-none-eabi/12.2.0/../../../../arm-none-eabi/lib/thumb/v7e-m/nofp/libc_nano.a(lib_a-printf.o)
 .ARM.attributes
                0x000000000000037b       0x2e /usr/lib/gcc/arm-none-eabi/12.2.0/../../../../arm-none-eabi/lib/thumb/v7e-m/nofp/libc_nano.a(lib_a-puts.o)
 .ARM.attributes
                0x00000000000003a9       0x17 /usr/lib/gcc/arm-none-eabi/12.2.0/../../../../arm-none-eabi/lib/thumb/v7e-m/nofp/libc_nano.a(lib_a-strlen.o)
 .ARM.attributes
                0x00000000000003c0       0x2e /usr/lib/gcc/arm-none-eabi/12.2.0/../../../../arm-none-eabi/lib/thumb/v7e-m/nofp/libc_nano.a(lib_a-wbuf.o)
 .ARM.attributes
                0x00000000000003ee       0x2e /usr/lib/gcc/arm-none-eabi/12.2.0/../../../../arm-none-eabi/lib/thumb/v7e-m/nofp/libc_nano.a(lib_a-wsetup.o)
 .ARM.attributes
                0x000000000000041c       0x2e /usr/lib/gcc/arm-none-eabi/12.2.0/../../../../arm-none-eabi/lib/thumb/v7e-m/nofp/libc_nano.a(lib_a-dtoa.o)
 .ARM.attributes
                0x000000000000044a       0x2e /usr/lib/gcc/arm-none-eabi/12.2.0/../../../../arm-none-eabi/lib/thumb/v7e-m/nofp/libc_nano.a(lib_a-fflush.o)
 .ARM.attributes
                0x0000000000000478       0x2e /usr/lib/gcc/arm-none-eabi/12.2.0/../../../../arm-none-eabi/lib/thumb/v7e-m/nofp/libc_nano.a(lib_a-findfp.o)
 .ARM.attributes
                0x00000000000004a6       0x2e /usr/lib/gcc/arm-none-eabi/12.2.0/../../../../arm-none-eabi/lib/thumb/v7e-m/nofp/libc_nano.a(lib_a-fwalk.o)
 .ARM.attributes
                0x00000000000004d4       0x2e /usr/lib/gcc/arm-none-eabi/12.2.0/../../../../arm-none-eabi/lib/thumb/v7e-m/nofp/libc_nano.a(lib_a-localeconv.o)
 .ARM.attributes
                0x0000000000000502       0x2e /usr/lib/gcc/arm-none-eabi/12.2.0/../../../../arm-none-eabi/lib/thumb/v7e-m/nofp/libc_nano.a(lib_a-locale.o)
 .ARM.attributes
                0x0000000000000530       0x2e /usr/lib/gcc/arm-none-eabi/12.2.0/../../../../arm-none-eabi/lib/thumb/v7e-m/nofp/libc_nano.a(lib_a-lock.o)
 .ARM.attributes
                0x000000000000055e       0x2e /usr/lib/gcc/arm-none-eabi/12.2.0/../../../../arm-none-eabi/lib/thumb/v7e-m/nofp/libc_nano.a(lib_a-makebuf.o)
 .ARM.attributes
                0x000000000000058c       0x2e /usr/lib/gcc/arm-none-eabi/12.2.0/../../../../arm-none-eabi/lib/thumb/v7e-m/nofp/libc_nano.a(lib_a-malloc.o)
 .ARM.attributes
                0x00000000000005ba       0x2e /usr/lib/gcc/arm-none-eabi/12.2.0/../../../../arm-none-eabi/lib/thumb/v7e-m/nofp/libc_nano.a(lib_a-mbtowc_r.o)
 .ARM.attributes
                0x00000000000005e8       0x1c /usr/lib/gcc/arm-none-eabi/12.2.0/../../../../arm-none-eabi/lib/thumb/v7e-m/nofp/libc_nano.a(lib_a-memchr.o)
 .ARM.attributes
                0x0000000000000604       0x2e /usr/lib/gcc/arm-none-eabi/12.2.0/../../../../arm-none-eabi/lib/thumb/v7e-m/nofp/libc_nano.a(lib_a-memcpy-stub.o)
 .ARM.attributes
                0x0000000000000632       0x2e /usr/lib/gcc/arm-none-eabi/12.2.0/../../../../arm-none-eabi/lib/thumb/v7e-m/nofp/libc_nano.a(lib_a-mprec.o)
 .ARM.attributes
                0x0000000000000660       0x2e /usr/lib/gcc/arm-none-eabi/12.2.0/../../../../arm-none-eabi/lib/thumb/v7e-m/nofp/libc_nano.a(lib_a-nano-callocr.o)
 .ARM.attributes
                0x000000000000068e       0x2e /usr/lib/gcc/arm-none-eabi/12.2.0/../../../../arm-none-eabi/lib/thumb/v7e-m/nofp/libc_nano.a(lib_a-nano-freer.o)
 .ARM.attributes
                0x00000000000006bc       0x2e /usr/lib/gcc/arm-none-eabi/12.2.0/../../../../arm-none-eabi/lib/thumb/v7e-m/nofp/libc_nano.a(lib_a-nano-mallocr.o)
 .ARM.attributes
                0x00000000000006ea       0x2e /usr/lib/gcc/arm-none-eabi/12.2.0/../../../../arm-none-eabi/lib/thumb/v7e-m/nofp/libc_nano.a(lib_a-nano-vfprintf.o)
 .ARM.attributes
                0x0000000000000718       0x2e /usr/lib/gcc/arm-none-eabi/12.2.0/../../../../arm-none-eabi/lib/thumb/v7e-m/nofp/libc_nano.a(lib_a-sbrkr.o)
 .ARM.attributes
                0x0000000000000746       0x2e /usr/lib/gcc/arm-none-eabi/12.2.0/../../../../arm-none-eabi/lib/thumb/v7e-m/nofp/libc_nano.a(lib_a-stdio.o)
 .ARM.attributes
                0x0000000000000774       0x2e /usr/lib/gcc/arm-none-eabi/12.2.0/../../../../arm-none-eabi/lib/thumb/v7e-m/nofp/libc_nano.a(lib_a-wctomb_r.o)
 .ARM.attributes
                0x00000000000007a2       0x2e /usr/lib/gcc/arm-none-eabi/12.2.0/../../../../arm-none-eabi/lib/thumb/v7e-m/nofp/libc_nano.a(lib_a-writer.o)
 .ARM.attributes
                0x00000000000007d0       0x2e /usr/lib/gcc/arm-none-eabi/12.2.0/../../../../arm-none-eabi/lib/thumb/v7e-m/nofp/libc_nano.a(lib_a-assert.o)
 .ARM.attributes
                0x00000000000007fe       0x2e /usr/lib/gcc/arm-none-eabi/12.2.0/../../../../arm-none-eabi/lib/thumb/v7e-m/nofp/libc_nano.a(lib_a-closer.o)
 .ARM.attributes
                0x000000000000082c       0x2e /usr/lib/gcc/arm-none-eabi/12.2.0/../../../../arm-none-eabi/lib/thumb/v7e-m/nofp/libc_nano.a(lib_a-ctype_.o)
 .ARM.attributes
                0x000000000000085a       0x2e /usr/lib/gcc/arm-none-eabi/12.2.0/../../../../arm-none-eabi/lib/thumb/v7e-m/nofp/libc_nano.a(lib_a-fprintf.o)
 .ARM.attributes
                0x0000000000000888       0x2e /usr/lib/gcc/arm-none-eabi/12.2.0/../../../../arm-none-eabi/lib/thumb/v7e-m/nofp/libc_nano.a(lib_a-fstatr.o)
 .ARM.attributes
                0x00000000000008b6       0x2e /usr/lib/gcc/arm-none-eabi/12.2.0/../../../../arm-none-eabi/lib/thumb/v7e-m/nofp/libc_nano.a(lib_a-isattyr.o)
 .ARM.attributes
                0x00000000000008e4       0x2e /usr/lib/gcc/arm-none-eabi/12.2.0/../../../../arm-none-eabi/lib/thumb/v7e-m/nofp/libc_nano.a(lib_a-lseekr.o)
 .ARM.attributes
                0x0000000000000912       0x2e /usr/lib/gcc/arm-none-eabi/12.2.0/../../../../arm-none-eabi/lib/thumb/v7e-m/nofp/libc_nano.a(lib_a-mlock.o)
 .ARM.attributes
                0x0000000000000940       0x2e /usr/lib/gcc/arm-none-eabi/12.2.0/../../../../arm-none-eabi/lib/thumb/v7e-m/nofp/libc_nano.a(lib_a-readr.o)
 .ARM.attributes
                0x000000000000096e       0x2e /usr/lib/gcc/arm-none-eabi/12.2.0/../../../../arm-none-eabi/lib/thumb/v7e-m/nofp/libc_nano.a(lib_a-reent.o)
 .ARM.attributes
                0x000000000000099c       0x2e /usr/lib/gcc/arm-none-eabi/12.2.0/../../../../arm-none-eabi/lib/thumb/v7e-m/nofp/libc_nano.a(lib_a-abort.o)
 .ARM.attributes
                0x00000000000009ca       0x2e /usr/lib/gcc/arm-none-eabi/12.2.0/../../../../arm-none-eabi/lib/thumb/v7e-m/nofp/libc_nano.a(lib_a-signal.o)
 .ARM.attributes
                0x00000000000009f8       0x2e /usr/lib/gcc/arm-none-eabi/12.2.0/../../../../arm-none-eabi/lib/thumb/v7e-m/nofp/libc_nano.a(lib_a-signalr.o)
 .ARM.attributes
                0x0000000000000a26       0x2e /usr/lib/gcc/arm-none-eabi/12.2.0/../../../../arm-none-eabi/lib/thumb/v7e-m/nofp/libnosys.a(close.o)
 .ARM.attributes
                0x0000000000000a54       0x2e /usr/lib/gcc/arm-none-eabi/12.2.0/../../../../arm-none-eabi/lib/thumb/v7e-m/nofp/libnosys.a(fstat.o)
 .ARM.attributes
                0x0000000000000a82       0x2e /usr/lib/gcc/arm-none-eabi/12.2.0/../../../../arm-none-eabi/lib/thumb/v7e-m/nofp/libnosys.a(getpid.o)
 .ARM.attributes
                0x0000000000000ab0       0x2e /usr/lib/gcc/arm-none-eabi/12.2.0/../../../../arm-none-eabi/lib/thumb/v7e-m/nofp/libnosys.a(isatty.o)
 .ARM.attributes
                0x0000000000000ade       0x2e /usr/lib/gcc/arm-none-eabi/12.2.0/../../../../arm-none-eabi/lib/thumb/v7e-m/nofp/libnosys.a(kill.o)
 .ARM.attributes
                0x0000000000000b0c       0x2e /usr/lib/gcc/arm-none-eabi/12.2.0/../../../../arm-none-eabi/lib/thumb/v7e-m/nofp/libnosys.a(lseek.o)
 .ARM.attributes
                0x0000000000000b3a       0x2e /usr/lib/gcc/arm-none-eabi/12.2.0/../../../../arm-none-eabi/lib/thumb/v7e-m/nofp/libnosys.a(read.o)
 .ARM.attributes
                0x0000000000000b68       0x2e /usr/lib/gcc/arm-none-eabi/12.2.0/../../../../arm-none-eabi/lib/thumb/v7e-m/nofp/libnosys.a(sbrk.o)
 .ARM.attributes
                0x0000000000000b96       0x2e /usr/lib/gcc/arm-none-eabi/12.2.0/../../../../arm-none-eabi/lib/thumb/v7e-m/nofp/libnosys.a(_exit.o)
 .ARM.attributes
                0x0000000000000bc4       0x1e /usr/lib/gcc/arm-none-eabi/12.2.0/thumb/v7e-m/nofp/libgcc.a(_arm_addsubdf3.o)
 .ARM.attributes
                0x0000000000000be2       0x1e /usr/lib/gcc/arm-none-eabi/12.2.0/thumb/v7e-m/nofp/libgcc.a(_arm_muldivdf3.o)
 .ARM.attributes
                0x0000000000000c00       0x1e /usr/lib/gcc/arm-none-eabi/12.2.0/thumb/v7e-m/nofp/libgcc.a(_arm_cmpdf2.o)
 .ARM.attributes
                0x0000000000000c1e       0x1e /usr/lib/gcc/arm-none-eabi/12.2.0/thumb/v7e-m/nofp/libgcc.a(_arm_unorddf2.o)
 .ARM.attributes
                0x0000000000000c3c       0x1e /usr/lib/gcc/arm-none-eabi/12.2.0/thumb/v7e-m/nofp/libgcc.a(_arm_fixdfsi.o)
 .ARM.attributes
                0x0000000000000c5a       0x1e /usr/lib/gcc/arm-none-eabi/12.2.0/thumb/v7e-m/nofp/crtn.o
OUTPUT(build/MPU6050_GD32.elf elf32-littlearm)
LOAD linker stubs
LOAD /usr/lib/gcc/arm-none-eabi/12.2.0/../../../../arm-none-eabi/lib/thumb/v7e-m/nofp/libc.a
LOAD /usr/lib/gcc/arm-none-eabi/12.2.0/../../../../arm-none-eabi/lib/thumb/v7e-m/nofp/libm.a
LOAD /usr/lib/gcc/arm-none-eabi/12.2.0/thumb/v7e-m/nofp/libgcc.a

.debug_info     0x0000000000000000    0x1f8a8
 .debug_info    0x0000000000000000      0x804 build/gd32f4xx_gpio.o
 .debug_info    0x0000000000000804      0xfcc build/gd32f4xx_i2c.o
 .debug_info    0x00000000000017d0     0x14a9 build/gd32f4xx_rcu.o
 .debug_info    0x0000000000002c79     0x127a build/gd32f4xx_usart.o
 .debug_info    0x0000000000003ef3      0x2ad build/system_gd32f4xx.o
 .debug_info    0x00000000000041a0      0x14e build/gd32f4xx_it.o
 .debug_info    0x00000000000042ee      0x120 build/main.o
 .debug_info    0x000000000000440e      0x899 build/systick.o
 .debug_info    0x0000000000004ca7      0x7cb build/bsp_usart.o
 .debug_info    0x0000000000005472      0xb94 build/bsp_i2c.o
 .debug_info    0x0000000000006006      0x268 build/bsp_mpu6050.o
 .debug_info    0x000000000000626e       0x30 build/startup_gd32f450_470.o
 .debug_info    0x000000000000629e      0x806 /usr/lib/gcc/arm-none-eabi/12.2.0/../../../../arm-none-eabi/lib/thumb/v7e-m/nofp/libc_nano.a(lib_a-impure.o)
 .debug_info    0x0000000000006aa4      0x10b /usr/lib/gcc/arm-none-eabi/12.2.0/../../../../arm-none-eabi/lib/thumb/v7e-m/nofp/libc_nano.a(lib_a-init.o)
 .debug_info    0x0000000000006baf       0xe0 /usr/lib/gcc/arm-none-eabi/12.2.0/../../../../arm-none-eabi/lib/thumb/v7e-m/nofp/libc_nano.a(lib_a-memset.o)
 .debug_info    0x0000000000006c8f     0x132c /usr/lib/gcc/arm-none-eabi/12.2.0/../../../../arm-none-eabi/lib/thumb/v7e-m/nofp/libc_nano.a(lib_a-nano-vfprintf_float.o)
 .debug_info    0x0000000000007fbb      0xe42 /usr/lib/gcc/arm-none-eabi/12.2.0/../../../../arm-none-eabi/lib/thumb/v7e-m/nofp/libc_nano.a(lib_a-nano-vfprintf_i.o)
 .debug_info    0x0000000000008dfd      0x8da /usr/lib/gcc/arm-none-eabi/12.2.0/../../../../arm-none-eabi/lib/thumb/v7e-m/nofp/libc_nano.a(lib_a-printf.o)
 .debug_info    0x00000000000096d7      0xa53 /usr/lib/gcc/arm-none-eabi/12.2.0/../../../../arm-none-eabi/lib/thumb/v7e-m/nofp/libc_nano.a(lib_a-puts.o)
 .debug_info    0x000000000000a12a       0x24 /usr/lib/gcc/arm-none-eabi/12.2.0/../../../../arm-none-eabi/lib/thumb/v7e-m/nofp/libc_nano.a(lib_a-strlen.o)
 .debug_info    0x000000000000a14e      0x95d /usr/lib/gcc/arm-none-eabi/12.2.0/../../../../arm-none-eabi/lib/thumb/v7e-m/nofp/libc_nano.a(lib_a-wbuf.o)
 .debug_info    0x000000000000aaab      0x8b9 /usr/lib/gcc/arm-none-eabi/12.2.0/../../../../arm-none-eabi/lib/thumb/v7e-m/nofp/libc_nano.a(lib_a-wsetup.o)
 .debug_info    0x000000000000b364     0x182e /usr/lib/gcc/arm-none-eabi/12.2.0/../../../../arm-none-eabi/lib/thumb/v7e-m/nofp/libc_nano.a(lib_a-dtoa.o)
 .debug_info    0x000000000000cb92      0xa9b /usr/lib/gcc/arm-none-eabi/12.2.0/../../../../arm-none-eabi/lib/thumb/v7e-m/nofp/libc_nano.a(lib_a-fflush.o)
 .debug_info    0x000000000000d62d      0xff1 /usr/lib/gcc/arm-none-eabi/12.2.0/../../../../arm-none-eabi/lib/thumb/v7e-m/nofp/libc_nano.a(lib_a-findfp.o)
 .debug_info    0x000000000000e61e      0x899 /usr/lib/gcc/arm-none-eabi/12.2.0/../../../../arm-none-eabi/lib/thumb/v7e-m/nofp/libc_nano.a(lib_a-fwalk.o)
 .debug_info    0x000000000000eeb7      0xa78 /usr/lib/gcc/arm-none-eabi/12.2.0/../../../../arm-none-eabi/lib/thumb/v7e-m/nofp/libc_nano.a(lib_a-localeconv.o)
 .debug_info    0x000000000000f92f      0xbf3 /usr/lib/gcc/arm-none-eabi/12.2.0/../../../../arm-none-eabi/lib/thumb/v7e-m/nofp/libc_nano.a(lib_a-locale.o)
 .debug_info    0x0000000000010522      0x21a /usr/lib/gcc/arm-none-eabi/12.2.0/../../../../arm-none-eabi/lib/thumb/v7e-m/nofp/libc_nano.a(lib_a-lock.o)
 .debug_info    0x000000000001073c      0xb8b /usr/lib/gcc/arm-none-eabi/12.2.0/../../../../arm-none-eabi/lib/thumb/v7e-m/nofp/libc_nano.a(lib_a-makebuf.o)
 .debug_info    0x00000000000112c7      0x7f4 /usr/lib/gcc/arm-none-eabi/12.2.0/../../../../arm-none-eabi/lib/thumb/v7e-m/nofp/libc_nano.a(lib_a-malloc.o)
 .debug_info    0x0000000000011abb      0xb02 /usr/lib/gcc/arm-none-eabi/12.2.0/../../../../arm-none-eabi/lib/thumb/v7e-m/nofp/libc_nano.a(lib_a-mbtowc_r.o)
 .debug_info    0x00000000000125bd       0x25 /usr/lib/gcc/arm-none-eabi/12.2.0/../../../../arm-none-eabi/lib/thumb/v7e-m/nofp/libc_nano.a(lib_a-memchr.o)
 .debug_info    0x00000000000125e2      0x121 /usr/lib/gcc/arm-none-eabi/12.2.0/../../../../arm-none-eabi/lib/thumb/v7e-m/nofp/libc_nano.a(lib_a-memcpy-stub.o)
 .debug_info    0x0000000000012703     0x1dbb /usr/lib/gcc/arm-none-eabi/12.2.0/../../../../arm-none-eabi/lib/thumb/v7e-m/nofp/libc_nano.a(lib_a-mprec.o)
 .debug_info    0x00000000000144be      0x827 /usr/lib/gcc/arm-none-eabi/12.2.0/../../../../arm-none-eabi/lib/thumb/v7e-m/nofp/libc_nano.a(lib_a-nano-callocr.o)
 .debug_info    0x0000000000014ce5      0x8ab /usr/lib/gcc/arm-none-eabi/12.2.0/../../../../arm-none-eabi/lib/thumb/v7e-m/nofp/libc_nano.a(lib_a-nano-freer.o)
 .debug_info    0x0000000000015590      0xa1c /usr/lib/gcc/arm-none-eabi/12.2.0/../../../../arm-none-eabi/lib/thumb/v7e-m/nofp/libc_nano.a(lib_a-nano-mallocr.o)
 .debug_info    0x0000000000015fac     0x1176 /usr/lib/gcc/arm-none-eabi/12.2.0/../../../../arm-none-eabi/lib/thumb/v7e-m/nofp/libc_nano.a(lib_a-nano-vfprintf.o)
 .debug_info    0x0000000000017122      0x7dc /usr/lib/gcc/arm-none-eabi/12.2.0/../../../../arm-none-eabi/lib/thumb/v7e-m/nofp/libc_nano.a(lib_a-sbrkr.o)
 .debug_info    0x00000000000178fe      0xab4 /usr/lib/gcc/arm-none-eabi/12.2.0/../../../../arm-none-eabi/lib/thumb/v7e-m/nofp/libc_nano.a(lib_a-stdio.o)
 .debug_info    0x00000000000183b2      0xac7 /usr/lib/gcc/arm-none-eabi/12.2.0/../../../../arm-none-eabi/lib/thumb/v7e-m/nofp/libc_nano.a(lib_a-wctomb_r.o)
 .debug_info    0x0000000000018e79      0x813 /usr/lib/gcc/arm-none-eabi/12.2.0/../../../../arm-none-eabi/lib/thumb/v7e-m/nofp/libc_nano.a(lib_a-writer.o)
 .debug_info    0x000000000001968c      0x87e /usr/lib/gcc/arm-none-eabi/12.2.0/../../../../arm-none-eabi/lib/thumb/v7e-m/nofp/libc_nano.a(lib_a-assert.o)
 .debug_info    0x0000000000019f0a      0x7b7 /usr/lib/gcc/arm-none-eabi/12.2.0/../../../../arm-none-eabi/lib/thumb/v7e-m/nofp/libc_nano.a(lib_a-closer.o)
 .debug_info    0x000000000001a6c1       0xb9 /usr/lib/gcc/arm-none-eabi/12.2.0/../../../../arm-none-eabi/lib/thumb/v7e-m/nofp/libc_nano.a(lib_a-ctype_.o)
 .debug_info    0x000000000001a77a      0x8b5 /usr/lib/gcc/arm-none-eabi/12.2.0/../../../../arm-none-eabi/lib/thumb/v7e-m/nofp/libc_nano.a(lib_a-fprintf.o)
 .debug_info    0x000000000001b02f      0x9d5 /usr/lib/gcc/arm-none-eabi/12.2.0/../../../../arm-none-eabi/lib/thumb/v7e-m/nofp/libc_nano.a(lib_a-fstatr.o)
 .debug_info    0x000000000001ba04      0x7b7 /usr/lib/gcc/arm-none-eabi/12.2.0/../../../../arm-none-eabi/lib/thumb/v7e-m/nofp/libc_nano.a(lib_a-isattyr.o)
 .debug_info    0x000000000001c1bb      0x7f6 /usr/lib/gcc/arm-none-eabi/12.2.0/../../../../arm-none-eabi/lib/thumb/v7e-m/nofp/libc_nano.a(lib_a-lseekr.o)
 .debug_info    0x000000000001c9b1      0x7cb /usr/lib/gcc/arm-none-eabi/12.2.0/../../../../arm-none-eabi/lib/thumb/v7e-m/nofp/libc_nano.a(lib_a-mlock.o)
 .debug_info    0x000000000001d17c      0x80d /usr/lib/gcc/arm-none-eabi/12.2.0/../../../../arm-none-eabi/lib/thumb/v7e-m/nofp/libc_nano.a(lib_a-readr.o)
 .debug_info    0x000000000001d989      0x936 /usr/lib/gcc/arm-none-eabi/12.2.0/../../../../arm-none-eabi/lib/thumb/v7e-m/nofp/libc_nano.a(lib_a-reent.o)
 .debug_info    0x000000000001e2bf       0xd8 /usr/lib/gcc/arm-none-eabi/12.2.0/../../../../arm-none-eabi/lib/thumb/v7e-m/nofp/libc_nano.a(lib_a-abort.o)
 .debug_info    0x000000000001e397      0xa8f /usr/lib/gcc/arm-none-eabi/12.2.0/../../../../arm-none-eabi/lib/thumb/v7e-m/nofp/libc_nano.a(lib_a-signal.o)
 .debug_info    0x000000000001ee26      0x83e /usr/lib/gcc/arm-none-eabi/12.2.0/../../../../arm-none-eabi/lib/thumb/v7e-m/nofp/libc_nano.a(lib_a-signalr.o)
 .debug_info    0x000000000001f664       0xc0 /usr/lib/gcc/arm-none-eabi/12.2.0/thumb/v7e-m/nofp/libgcc.a(_arm_addsubdf3.o)
 .debug_info    0x000000000001f724       0x52 /usr/lib/gcc/arm-none-eabi/12.2.0/thumb/v7e-m/nofp/libgcc.a(_arm_muldivdf3.o)
 .debug_info    0x000000000001f776       0xc0 /usr/lib/gcc/arm-none-eabi/12.2.0/thumb/v7e-m/nofp/libgcc.a(_arm_cmpdf2.o)
 .debug_info    0x000000000001f836       0x39 /usr/lib/gcc/arm-none-eabi/12.2.0/thumb/v7e-m/nofp/libgcc.a(_arm_unorddf2.o)
 .debug_info    0x000000000001f86f       0x39 /usr/lib/gcc/arm-none-eabi/12.2.0/thumb/v7e-m/nofp/libgcc.a(_arm_fixdfsi.o)

.debug_abbrev   0x0000000000000000     0x6877
 .debug_abbrev  0x0000000000000000      0x22a build/gd32f4xx_gpio.o
 .debug_abbrev  0x000000000000022a      0x26a build/gd32f4xx_i2c.o
 .debug_abbrev  0x0000000000000494      0x27a build/gd32f4xx_rcu.o
 .debug_abbrev  0x000000000000070e      0x2ab build/gd32f4xx_usart.o
 .debug_abbrev  0x00000000000009b9      0x17e build/system_gd32f4xx.o
 .debug_abbrev  0x0000000000000b37       0xb7 build/gd32f4xx_it.o
 .debug_abbrev  0x0000000000000bee       0xa8 build/main.o
 .debug_abbrev  0x0000000000000c96      0x1dc build/systick.o
 .debug_abbrev  0x0000000000000e72      0x190 build/bsp_usart.o
 .debug_abbrev  0x0000000000001002      0x190 build/bsp_i2c.o
 .debug_abbrev  0x0000000000001192      0x14a build/bsp_mpu6050.o
 .debug_abbrev  0x00000000000012dc       0x1d build/startup_gd32f450_470.o
 .debug_abbrev  0x00000000000012f9      0x15a /usr/lib/gcc/arm-none-eabi/12.2.0/../../../../arm-none-eabi/lib/thumb/v7e-m/nofp/libc_nano.a(lib_a-impure.o)
 .debug_abbrev  0x0000000000001453       0xc9 /usr/lib/gcc/arm-none-eabi/12.2.0/../../../../arm-none-eabi/lib/thumb/v7e-m/nofp/libc_nano.a(lib_a-init.o)
 .debug_abbrev  0x000000000000151c       0x9e /usr/lib/gcc/arm-none-eabi/12.2.0/../../../../arm-none-eabi/lib/thumb/v7e-m/nofp/libc_nano.a(lib_a-memset.o)
 .debug_abbrev  0x00000000000015ba      0x2f1 /usr/lib/gcc/arm-none-eabi/12.2.0/../../../../arm-none-eabi/lib/thumb/v7e-m/nofp/libc_nano.a(lib_a-nano-vfprintf_float.o)
 .debug_abbrev  0x00000000000018ab      0x28e /usr/lib/gcc/arm-none-eabi/12.2.0/../../../../arm-none-eabi/lib/thumb/v7e-m/nofp/libc_nano.a(lib_a-nano-vfprintf_i.o)
 .debug_abbrev  0x0000000000001b39      0x23a /usr/lib/gcc/arm-none-eabi/12.2.0/../../../../arm-none-eabi/lib/thumb/v7e-m/nofp/libc_nano.a(lib_a-printf.o)
 .debug_abbrev  0x0000000000001d73      0x2a8 /usr/lib/gcc/arm-none-eabi/12.2.0/../../../../arm-none-eabi/lib/thumb/v7e-m/nofp/libc_nano.a(lib_a-puts.o)
 .debug_abbrev  0x000000000000201b       0x14 /usr/lib/gcc/arm-none-eabi/12.2.0/../../../../arm-none-eabi/lib/thumb/v7e-m/nofp/libc_nano.a(lib_a-strlen.o)
 .debug_abbrev  0x000000000000202f      0x22e /usr/lib/gcc/arm-none-eabi/12.2.0/../../../../arm-none-eabi/lib/thumb/v7e-m/nofp/libc_nano.a(lib_a-wbuf.o)
 .debug_abbrev  0x000000000000225d      0x1d9 /usr/lib/gcc/arm-none-eabi/12.2.0/../../../../arm-none-eabi/lib/thumb/v7e-m/nofp/libc_nano.a(lib_a-wsetup.o)
 .debug_abbrev  0x0000000000002436      0x331 /usr/lib/gcc/arm-none-eabi/12.2.0/../../../../arm-none-eabi/lib/thumb/v7e-m/nofp/libc_nano.a(lib_a-dtoa.o)
 .debug_abbrev  0x0000000000002767      0x29d /usr/lib/gcc/arm-none-eabi/12.2.0/../../../../arm-none-eabi/lib/thumb/v7e-m/nofp/libc_nano.a(lib_a-fflush.o)
 .debug_abbrev  0x0000000000002a04      0x398 /usr/lib/gcc/arm-none-eabi/12.2.0/../../../../arm-none-eabi/lib/thumb/v7e-m/nofp/libc_nano.a(lib_a-findfp.o)
 .debug_abbrev  0x0000000000002d9c      0x19f /usr/lib/gcc/arm-none-eabi/12.2.0/../../../../arm-none-eabi/lib/thumb/v7e-m/nofp/libc_nano.a(lib_a-fwalk.o)
 .debug_abbrev  0x0000000000002f3b      0x237 /usr/lib/gcc/arm-none-eabi/12.2.0/../../../../arm-none-eabi/lib/thumb/v7e-m/nofp/libc_nano.a(lib_a-localeconv.o)
 .debug_abbrev  0x0000000000003172      0x2af /usr/lib/gcc/arm-none-eabi/12.2.0/../../../../arm-none-eabi/lib/thumb/v7e-m/nofp/libc_nano.a(lib_a-locale.o)
 .debug_abbrev  0x0000000000003421      0x115 /usr/lib/gcc/arm-none-eabi/12.2.0/../../../../arm-none-eabi/lib/thumb/v7e-m/nofp/libc_nano.a(lib_a-lock.o)
 .debug_abbrev  0x0000000000003536      0x2a3 /usr/lib/gcc/arm-none-eabi/12.2.0/../../../../arm-none-eabi/lib/thumb/v7e-m/nofp/libc_nano.a(lib_a-makebuf.o)
 .debug_abbrev  0x00000000000037d9      0x1cf /usr/lib/gcc/arm-none-eabi/12.2.0/../../../../arm-none-eabi/lib/thumb/v7e-m/nofp/libc_nano.a(lib_a-malloc.o)
 .debug_abbrev  0x00000000000039a8      0x211 /usr/lib/gcc/arm-none-eabi/12.2.0/../../../../arm-none-eabi/lib/thumb/v7e-m/nofp/libc_nano.a(lib_a-mbtowc_r.o)
 .debug_abbrev  0x0000000000003bb9       0x14 /usr/lib/gcc/arm-none-eabi/12.2.0/../../../../arm-none-eabi/lib/thumb/v7e-m/nofp/libc_nano.a(lib_a-memchr.o)
 .debug_abbrev  0x0000000000003bcd       0xc1 /usr/lib/gcc/arm-none-eabi/12.2.0/../../../../arm-none-eabi/lib/thumb/v7e-m/nofp/libc_nano.a(lib_a-memcpy-stub.o)
 .debug_abbrev  0x0000000000003c8e      0x419 /usr/lib/gcc/arm-none-eabi/12.2.0/../../../../arm-none-eabi/lib/thumb/v7e-m/nofp/libc_nano.a(lib_a-mprec.o)
 .debug_abbrev  0x00000000000040a7      0x1cd /usr/lib/gcc/arm-none-eabi/12.2.0/../../../../arm-none-eabi/lib/thumb/v7e-m/nofp/libc_nano.a(lib_a-nano-callocr.o)
 .debug_abbrev  0x0000000000004274      0x236 /usr/lib/gcc/arm-none-eabi/12.2.0/../../../../arm-none-eabi/lib/thumb/v7e-m/nofp/libc_nano.a(lib_a-nano-freer.o)
 .debug_abbrev  0x00000000000044aa      0x24a /usr/lib/gcc/arm-none-eabi/12.2.0/../../../../arm-none-eabi/lib/thumb/v7e-m/nofp/libc_nano.a(lib_a-nano-mallocr.o)
 .debug_abbrev  0x00000000000046f4      0x317 /usr/lib/gcc/arm-none-eabi/12.2.0/../../../../arm-none-eabi/lib/thumb/v7e-m/nofp/libc_nano.a(lib_a-nano-vfprintf.o)
 .debug_abbrev  0x0000000000004a0b      0x1da /usr/lib/gcc/arm-none-eabi/12.2.0/../../../../arm-none-eabi/lib/thumb/v7e-m/nofp/libc_nano.a(lib_a-sbrkr.o)
 .debug_abbrev  0x0000000000004be5      0x221 /usr/lib/gcc/arm-none-eabi/12.2.0/../../../../arm-none-eabi/lib/thumb/v7e-m/nofp/libc_nano.a(lib_a-stdio.o)
 .debug_abbrev  0x0000000000004e06      0x1f9 /usr/lib/gcc/arm-none-eabi/12.2.0/../../../../arm-none-eabi/lib/thumb/v7e-m/nofp/libc_nano.a(lib_a-wctomb_r.o)
 .debug_abbrev  0x0000000000004fff      0x1b5 /usr/lib/gcc/arm-none-eabi/12.2.0/../../../../arm-none-eabi/lib/thumb/v7e-m/nofp/libc_nano.a(lib_a-writer.o)
 .debug_abbrev  0x00000000000051b4      0x1ea /usr/lib/gcc/arm-none-eabi/12.2.0/../../../../arm-none-eabi/lib/thumb/v7e-m/nofp/libc_nano.a(lib_a-assert.o)
 .debug_abbrev  0x000000000000539e      0x1b0 /usr/lib/gcc/arm-none-eabi/12.2.0/../../../../arm-none-eabi/lib/thumb/v7e-m/nofp/libc_nano.a(lib_a-closer.o)
 .debug_abbrev  0x000000000000554e       0x62 /usr/lib/gcc/arm-none-eabi/12.2.0/../../../../arm-none-eabi/lib/thumb/v7e-m/nofp/libc_nano.a(lib_a-ctype_.o)
 .debug_abbrev  0x00000000000055b0      0x21d /usr/lib/gcc/arm-none-eabi/12.2.0/../../../../arm-none-eabi/lib/thumb/v7e-m/nofp/libc_nano.a(lib_a-fprintf.o)
 .debug_abbrev  0x00000000000057cd      0x1c3 /usr/lib/gcc/arm-none-eabi/12.2.0/../../../../arm-none-eabi/lib/thumb/v7e-m/nofp/libc_nano.a(lib_a-fstatr.o)
 .debug_abbrev  0x0000000000005990      0x1b0 /usr/lib/gcc/arm-none-eabi/12.2.0/../../../../arm-none-eabi/lib/thumb/v7e-m/nofp/libc_nano.a(lib_a-isattyr.o)
 .debug_abbrev  0x0000000000005b40      0x1c4 /usr/lib/gcc/arm-none-eabi/12.2.0/../../../../arm-none-eabi/lib/thumb/v7e-m/nofp/libc_nano.a(lib_a-lseekr.o)
 .debug_abbrev  0x0000000000005d04      0x1bf /usr/lib/gcc/arm-none-eabi/12.2.0/../../../../arm-none-eabi/lib/thumb/v7e-m/nofp/libc_nano.a(lib_a-mlock.o)
 .debug_abbrev  0x0000000000005ec3      0x1b0 /usr/lib/gcc/arm-none-eabi/12.2.0/../../../../arm-none-eabi/lib/thumb/v7e-m/nofp/libc_nano.a(lib_a-readr.o)
 .debug_abbrev  0x0000000000006073      0x233 /usr/lib/gcc/arm-none-eabi/12.2.0/../../../../arm-none-eabi/lib/thumb/v7e-m/nofp/libc_nano.a(lib_a-reent.o)
 .debug_abbrev  0x00000000000062a6       0x99 /usr/lib/gcc/arm-none-eabi/12.2.0/../../../../arm-none-eabi/lib/thumb/v7e-m/nofp/libc_nano.a(lib_a-abort.o)
 .debug_abbrev  0x000000000000633f      0x296 /usr/lib/gcc/arm-none-eabi/12.2.0/../../../../arm-none-eabi/lib/thumb/v7e-m/nofp/libc_nano.a(lib_a-signal.o)
 .debug_abbrev  0x00000000000065d5      0x1fd /usr/lib/gcc/arm-none-eabi/12.2.0/../../../../arm-none-eabi/lib/thumb/v7e-m/nofp/libc_nano.a(lib_a-signalr.o)
 .debug_abbrev  0x00000000000067d2       0x21 /usr/lib/gcc/arm-none-eabi/12.2.0/thumb/v7e-m/nofp/libgcc.a(_arm_addsubdf3.o)
 .debug_abbrev  0x00000000000067f3       0x21 /usr/lib/gcc/arm-none-eabi/12.2.0/thumb/v7e-m/nofp/libgcc.a(_arm_muldivdf3.o)
 .debug_abbrev  0x0000000000006814       0x21 /usr/lib/gcc/arm-none-eabi/12.2.0/thumb/v7e-m/nofp/libgcc.a(_arm_cmpdf2.o)
 .debug_abbrev  0x0000000000006835       0x21 /usr/lib/gcc/arm-none-eabi/12.2.0/thumb/v7e-m/nofp/libgcc.a(_arm_unorddf2.o)
 .debug_abbrev  0x0000000000006856       0x21 /usr/lib/gcc/arm-none-eabi/12.2.0/thumb/v7e-m/nofp/libgcc.a(_arm_fixdfsi.o)

.debug_loc      0x0000000000000000     0x2d01
 .debug_loc     0x0000000000000000      0x3ad build/gd32f4xx_gpio.o
 .debug_loc     0x00000000000003ad      0x912 build/gd32f4xx_i2c.o
 .debug_loc     0x0000000000000cbf      0xe5b build/gd32f4xx_rcu.o
 .debug_loc     0x0000000000001b1a      0x93c build/gd32f4xx_usart.o
 .debug_loc     0x0000000000002456      0x19f build/system_gd32f4xx.o
 .debug_loc     0x00000000000025f5       0x20 build/main.o
 .debug_loc     0x0000000000002615      0x11d build/systick.o
 .debug_loc     0x0000000000002732      0x12a build/bsp_usart.o
 .debug_loc     0x000000000000285c      0x479 build/bsp_i2c.o
 .debug_loc     0x0000000000002cd5       0x2c build/bsp_mpu6050.o

.debug_aranges  0x0000000000000000      0xf00
 .debug_aranges
                0x0000000000000000       0x90 build/gd32f4xx_gpio.o
 .debug_aranges
                0x0000000000000090      0x148 build/gd32f4xx_i2c.o
 .debug_aranges
                0x00000000000001d8      0x190 build/gd32f4xx_rcu.o
 .debug_aranges
                0x0000000000000368      0x1d0 build/gd32f4xx_usart.o
 .debug_aranges
                0x0000000000000538       0x28 build/system_gd32f4xx.o
 .debug_aranges
                0x0000000000000560       0x60 build/gd32f4xx_it.o
 .debug_aranges
                0x00000000000005c0       0x20 build/main.o
 .debug_aranges
                0x00000000000005e0       0x30 build/systick.o
 .debug_aranges
                0x0000000000000610       0x30 build/bsp_usart.o
 .debug_aranges
                0x0000000000000640       0x30 build/bsp_i2c.o
 .debug_aranges
                0x0000000000000670       0x20 build/bsp_mpu6050.o
 .debug_aranges
                0x0000000000000690       0x28 build/startup_gd32f450_470.o
 .debug_aranges
                0x00000000000006b8       0x18 /usr/lib/gcc/arm-none-eabi/12.2.0/../../../../arm-none-eabi/lib/thumb/v7e-m/nofp/libc_nano.a(lib_a-impure.o)
 .debug_aranges
                0x00000000000006d0       0x20 /usr/lib/gcc/arm-none-eabi/12.2.0/../../../../arm-none-eabi/lib/thumb/v7e-m/nofp/libc_nano.a(lib_a-init.o)
 .debug_aranges
                0x00000000000006f0       0x20 /usr/lib/gcc/arm-none-eabi/12.2.0/../../../../arm-none-eabi/lib/thumb/v7e-m/nofp/libc_nano.a(lib_a-memset.o)
 .debug_aranges
                0x0000000000000710       0x30 /usr/lib/gcc/arm-none-eabi/12.2.0/../../../../arm-none-eabi/lib/thumb/v7e-m/nofp/libc_nano.a(lib_a-nano-vfprintf_float.o)
 .debug_aranges
                0x0000000000000740       0x28 /usr/lib/gcc/arm-none-eabi/12.2.0/../../../../arm-none-eabi/lib/thumb/v7e-m/nofp/libc_nano.a(lib_a-nano-vfprintf_i.o)
 .debug_aranges
                0x0000000000000768       0x28 /usr/lib/gcc/arm-none-eabi/12.2.0/../../../../arm-none-eabi/lib/thumb/v7e-m/nofp/libc_nano.a(lib_a-printf.o)
 .debug_aranges
                0x0000000000000790       0x28 /usr/lib/gcc/arm-none-eabi/12.2.0/../../../../arm-none-eabi/lib/thumb/v7e-m/nofp/libc_nano.a(lib_a-puts.o)
 .debug_aranges
                0x00000000000007b8       0x20 /usr/lib/gcc/arm-none-eabi/12.2.0/../../../../arm-none-eabi/lib/thumb/v7e-m/nofp/libc_nano.a(lib_a-strlen.o)
 .debug_aranges
                0x00000000000007d8       0x28 /usr/lib/gcc/arm-none-eabi/12.2.0/../../../../arm-none-eabi/lib/thumb/v7e-m/nofp/libc_nano.a(lib_a-wbuf.o)
 .debug_aranges
                0x0000000000000800       0x20 /usr/lib/gcc/arm-none-eabi/12.2.0/../../../../arm-none-eabi/lib/thumb/v7e-m/nofp/libc_nano.a(lib_a-wsetup.o)
 .debug_aranges
                0x0000000000000820       0x28 /usr/lib/gcc/arm-none-eabi/12.2.0/../../../../arm-none-eabi/lib/thumb/v7e-m/nofp/libc_nano.a(lib_a-dtoa.o)
 .debug_aranges
                0x0000000000000848       0x30 /usr/lib/gcc/arm-none-eabi/12.2.0/../../../../arm-none-eabi/lib/thumb/v7e-m/nofp/libc_nano.a(lib_a-fflush.o)
 .debug_aranges
                0x0000000000000878       0x88 /usr/lib/gcc/arm-none-eabi/12.2.0/../../../../arm-none-eabi/lib/thumb/v7e-m/nofp/libc_nano.a(lib_a-findfp.o)
 .debug_aranges
                0x0000000000000900       0x28 /usr/lib/gcc/arm-none-eabi/12.2.0/../../../../arm-none-eabi/lib/thumb/v7e-m/nofp/libc_nano.a(lib_a-fwalk.o)
 .debug_aranges
                0x0000000000000928       0x30 /usr/lib/gcc/arm-none-eabi/12.2.0/../../../../arm-none-eabi/lib/thumb/v7e-m/nofp/libc_nano.a(lib_a-localeconv.o)
 .debug_aranges
                0x0000000000000958       0x30 /usr/lib/gcc/arm-none-eabi/12.2.0/../../../../arm-none-eabi/lib/thumb/v7e-m/nofp/libc_nano.a(lib_a-locale.o)
 .debug_aranges
                0x0000000000000988       0x28 /usr/lib/gcc/arm-none-eabi/12.2.0/../../../../arm-none-eabi/lib/thumb/v7e-m/nofp/libc_nano.a(lib_a-lock.o)
 .debug_aranges
                0x00000000000009b0       0x28 /usr/lib/gcc/arm-none-eabi/12.2.0/../../../../arm-none-eabi/lib/thumb/v7e-m/nofp/libc_nano.a(lib_a-makebuf.o)
 .debug_aranges
                0x00000000000009d8       0x28 /usr/lib/gcc/arm-none-eabi/12.2.0/../../../../arm-none-eabi/lib/thumb/v7e-m/nofp/libc_nano.a(lib_a-malloc.o)
 .debug_aranges
                0x0000000000000a00       0x28 /usr/lib/gcc/arm-none-eabi/12.2.0/../../../../arm-none-eabi/lib/thumb/v7e-m/nofp/libc_nano.a(lib_a-mbtowc_r.o)
 .debug_aranges
                0x0000000000000a28       0x20 /usr/lib/gcc/arm-none-eabi/12.2.0/../../../../arm-none-eabi/lib/thumb/v7e-m/nofp/libc_nano.a(lib_a-memchr.o)
 .debug_aranges
                0x0000000000000a48       0x20 /usr/lib/gcc/arm-none-eabi/12.2.0/../../../../arm-none-eabi/lib/thumb/v7e-m/nofp/libc_nano.a(lib_a-memcpy-stub.o)
 .debug_aranges
                0x0000000000000a68       0xb0 /usr/lib/gcc/arm-none-eabi/12.2.0/../../../../arm-none-eabi/lib/thumb/v7e-m/nofp/libc_nano.a(lib_a-mprec.o)
 .debug_aranges
                0x0000000000000b18       0x20 /usr/lib/gcc/arm-none-eabi/12.2.0/../../../../arm-none-eabi/lib/thumb/v7e-m/nofp/libc_nano.a(lib_a-nano-callocr.o)
 .debug_aranges
                0x0000000000000b38       0x20 /usr/lib/gcc/arm-none-eabi/12.2.0/../../../../arm-none-eabi/lib/thumb/v7e-m/nofp/libc_nano.a(lib_a-nano-freer.o)
 .debug_aranges
                0x0000000000000b58       0x28 /usr/lib/gcc/arm-none-eabi/12.2.0/../../../../arm-none-eabi/lib/thumb/v7e-m/nofp/libc_nano.a(lib_a-nano-mallocr.o)
 .debug_aranges
                0x0000000000000b80       0x40 /usr/lib/gcc/arm-none-eabi/12.2.0/../../../../arm-none-eabi/lib/thumb/v7e-m/nofp/libc_nano.a(lib_a-nano-vfprintf.o)
 .debug_aranges
                0x0000000000000bc0       0x20 /usr/lib/gcc/arm-none-eabi/12.2.0/../../../../arm-none-eabi/lib/thumb/v7e-m/nofp/libc_nano.a(lib_a-sbrkr.o)
 .debug_aranges
                0x0000000000000be0       0x40 /usr/lib/gcc/arm-none-eabi/12.2.0/../../../../arm-none-eabi/lib/thumb/v7e-m/nofp/libc_nano.a(lib_a-stdio.o)
 .debug_aranges
                0x0000000000000c20       0x28 /usr/lib/gcc/arm-none-eabi/12.2.0/../../../../arm-none-eabi/lib/thumb/v7e-m/nofp/libc_nano.a(lib_a-wctomb_r.o)
 .debug_aranges
                0x0000000000000c48       0x20 /usr/lib/gcc/arm-none-eabi/12.2.0/../../../../arm-none-eabi/lib/thumb/v7e-m/nofp/libc_nano.a(lib_a-writer.o)
 .debug_aranges
                0x0000000000000c68       0x28 /usr/lib/gcc/arm-none-eabi/12.2.0/../../../../arm-none-eabi/lib/thumb/v7e-m/nofp/libc_nano.a(lib_a-assert.o)
 .debug_aranges
                0x0000000000000c90       0x20 /usr/lib/gcc/arm-none-eabi/12.2.0/../../../../arm-none-eabi/lib/thumb/v7e-m/nofp/libc_nano.a(lib_a-closer.o)
 .debug_aranges
                0x0000000000000cb0       0x18 /usr/lib/gcc/arm-none-eabi/12.2.0/../../../../arm-none-eabi/lib/thumb/v7e-m/nofp/libc_nano.a(lib_a-ctype_.o)
 .debug_aranges
                0x0000000000000cc8       0x28 /usr/lib/gcc/arm-none-eabi/12.2.0/../../../../arm-none-eabi/lib/thumb/v7e-m/nofp/libc_nano.a(lib_a-fprintf.o)
 .debug_aranges
                0x0000000000000cf0       0x20 /usr/lib/gcc/arm-none-eabi/12.2.0/../../../../arm-none-eabi/lib/thumb/v7e-m/nofp/libc_nano.a(lib_a-fstatr.o)
 .debug_aranges
                0x0000000000000d10       0x20 /usr/lib/gcc/arm-none-eabi/12.2.0/../../../../arm-none-eabi/lib/thumb/v7e-m/nofp/libc_nano.a(lib_a-isattyr.o)
 .debug_aranges
                0x0000000000000d30       0x20 /usr/lib/gcc/arm-none-eabi/12.2.0/../../../../arm-none-eabi/lib/thumb/v7e-m/nofp/libc_nano.a(lib_a-lseekr.o)
 .debug_aranges
                0x0000000000000d50       0x28 /usr/lib/gcc/arm-none-eabi/12.2.0/../../../../arm-none-eabi/lib/thumb/v7e-m/nofp/libc_nano.a(lib_a-mlock.o)
 .debug_aranges
                0x0000000000000d78       0x20 /usr/lib/gcc/arm-none-eabi/12.2.0/../../../../arm-none-eabi/lib/thumb/v7e-m/nofp/libc_nano.a(lib_a-readr.o)
 .debug_aranges
                0x0000000000000d98       0x28 /usr/lib/gcc/arm-none-eabi/12.2.0/../../../../arm-none-eabi/lib/thumb/v7e-m/nofp/libc_nano.a(lib_a-reent.o)
 .debug_aranges
                0x0000000000000dc0       0x20 /usr/lib/gcc/arm-none-eabi/12.2.0/../../../../arm-none-eabi/lib/thumb/v7e-m/nofp/libc_nano.a(lib_a-abort.o)
 .debug_aranges
                0x0000000000000de0       0x58 /usr/lib/gcc/arm-none-eabi/12.2.0/../../../../arm-none-eabi/lib/thumb/v7e-m/nofp/libc_nano.a(lib_a-signal.o)
 .debug_aranges
                0x0000000000000e38       0x28 /usr/lib/gcc/arm-none-eabi/12.2.0/../../../../arm-none-eabi/lib/thumb/v7e-m/nofp/libc_nano.a(lib_a-signalr.o)
 .debug_aranges
                0x0000000000000e60       0x20 /usr/lib/gcc/arm-none-eabi/12.2.0/thumb/v7e-m/nofp/libgcc.a(_arm_addsubdf3.o)
 .debug_aranges
                0x0000000000000e80       0x20 /usr/lib/gcc/arm-none-eabi/12.2.0/thumb/v7e-m/nofp/libgcc.a(_arm_muldivdf3.o)
 .debug_aranges
                0x0000000000000ea0       0x20 /usr/lib/gcc/arm-none-eabi/12.2.0/thumb/v7e-m/nofp/libgcc.a(_arm_cmpdf2.o)
 .debug_aranges
                0x0000000000000ec0       0x20 /usr/lib/gcc/arm-none-eabi/12.2.0/thumb/v7e-m/nofp/libgcc.a(_arm_unorddf2.o)
 .debug_aranges
                0x0000000000000ee0       0x20 /usr/lib/gcc/arm-none-eabi/12.2.0/thumb/v7e-m/nofp/libgcc.a(_arm_fixdfsi.o)

.debug_ranges   0x0000000000000000      0x690
 .debug_ranges  0x0000000000000000       0x80 build/gd32f4xx_gpio.o
 .debug_ranges  0x0000000000000080      0x138 build/gd32f4xx_i2c.o
 .debug_ranges  0x00000000000001b8      0x180 build/gd32f4xx_rcu.o
 .debug_ranges  0x0000000000000338      0x1c0 build/gd32f4xx_usart.o
 .debug_ranges  0x00000000000004f8       0x48 build/system_gd32f4xx.o
 .debug_ranges  0x0000000000000540       0x50 build/gd32f4xx_it.o
 .debug_ranges  0x0000000000000590       0x10 build/main.o
 .debug_ranges  0x00000000000005a0       0x58 build/systick.o
 .debug_ranges  0x00000000000005f8       0x48 build/bsp_usart.o
 .debug_ranges  0x0000000000000640       0x20 build/bsp_i2c.o
 .debug_ranges  0x0000000000000660       0x10 build/bsp_mpu6050.o
 .debug_ranges  0x0000000000000670       0x20 build/startup_gd32f450_470.o

.debug_line     0x0000000000000000     0xc83f
 .debug_line    0x0000000000000000      0x50c build/gd32f4xx_gpio.o
 .debug_line    0x000000000000050c      0x8de build/gd32f4xx_i2c.o
 .debug_line    0x0000000000000dea      0xb34 build/gd32f4xx_rcu.o
 .debug_line    0x000000000000191e      0xa05 build/gd32f4xx_usart.o
 .debug_line    0x0000000000002323      0x401 build/system_gd32f4xx.o
 .debug_line    0x0000000000002724      0x13d build/gd32f4xx_it.o
 .debug_line    0x0000000000002861      0x109 build/main.o
 .debug_line    0x000000000000296a      0x240 build/systick.o
 .debug_line    0x0000000000002baa      0x1f3 build/bsp_usart.o
 .debug_line    0x0000000000002d9d      0x3ba build/bsp_i2c.o
 .debug_line    0x0000000000003157      0x156 build/bsp_mpu6050.o
 .debug_line    0x00000000000032ad       0x7d build/startup_gd32f450_470.o
 .debug_line    0x000000000000332a      0x10e /usr/lib/gcc/arm-none-eabi/12.2.0/../../../../arm-none-eabi/lib/thumb/v7e-m/nofp/libc_nano.a(lib_a-impure.o)
 .debug_line    0x0000000000003438      0x13b /usr/lib/gcc/arm-none-eabi/12.2.0/../../../../arm-none-eabi/lib/thumb/v7e-m/nofp/libc_nano.a(lib_a-init.o)
 .debug_line    0x0000000000003573      0x129 /usr/lib/gcc/arm-none-eabi/12.2.0/../../../../arm-none-eabi/lib/thumb/v7e-m/nofp/libc_nano.a(lib_a-memset.o)
 .debug_line    0x000000000000369c      0x914 /usr/lib/gcc/arm-none-eabi/12.2.0/../../../../arm-none-eabi/lib/thumb/v7e-m/nofp/libc_nano.a(lib_a-nano-vfprintf_float.o)
 .debug_line    0x0000000000003fb0      0x6d8 /usr/lib/gcc/arm-none-eabi/12.2.0/../../../../arm-none-eabi/lib/thumb/v7e-m/nofp/libc_nano.a(lib_a-nano-vfprintf_i.o)
 .debug_line    0x0000000000004688      0x25c /usr/lib/gcc/arm-none-eabi/12.2.0/../../../../arm-none-eabi/lib/thumb/v7e-m/nofp/libc_nano.a(lib_a-printf.o)
 .debug_line    0x00000000000048e4      0x323 /usr/lib/gcc/arm-none-eabi/12.2.0/../../../../arm-none-eabi/lib/thumb/v7e-m/nofp/libc_nano.a(lib_a-puts.o)
 .debug_line    0x0000000000004c07       0x4f /usr/lib/gcc/arm-none-eabi/12.2.0/../../../../arm-none-eabi/lib/thumb/v7e-m/nofp/libc_nano.a(lib_a-strlen.o)
 .debug_line    0x0000000000004c56      0x2a1 /usr/lib/gcc/arm-none-eabi/12.2.0/../../../../arm-none-eabi/lib/thumb/v7e-m/nofp/libc_nano.a(lib_a-wbuf.o)
 .debug_line    0x0000000000004ef7      0x2e5 /usr/lib/gcc/arm-none-eabi/12.2.0/../../../../arm-none-eabi/lib/thumb/v7e-m/nofp/libc_nano.a(lib_a-wsetup.o)
 .debug_line    0x00000000000051dc     0x127e /usr/lib/gcc/arm-none-eabi/12.2.0/../../../../arm-none-eabi/lib/thumb/v7e-m/nofp/libc_nano.a(lib_a-dtoa.o)
 .debug_line    0x000000000000645a      0x44b /usr/lib/gcc/arm-none-eabi/12.2.0/../../../../arm-none-eabi/lib/thumb/v7e-m/nofp/libc_nano.a(lib_a-fflush.o)